 mpirun

 Timestamp is 51672a57 (Fri Apr 12 00:25:43 2013)

 Preferred load address is 00400000

 Start         Length     Name                   Class
 0001:00000000 0000bfc8H .text                   CODE
 0001:0000bfd0 0000015eH .text$x                 CODE
 0001:0000c130 0000001cH .text$yc                CODE
 0001:0000c150 00000023H .text$yd                CODE
 0002:00000000 00000110H .idata$5                DATA
 0002:00000110 00000004H .CRT$XCA                DATA
 0002:00000114 00000004H .CRT$XCU                DATA
 0002:00000118 00000004H .CRT$XCZ                DATA
 0002:0000011c 00000004H .CRT$XIA                DATA
 0002:00000120 00000010H .CRT$XIC                DATA
 0002:00000130 00000004H .CRT$XIY                DATA
 0002:00000134 00000004H .CRT$XIZ                DATA
 0002:00000138 00000004H .CRT$XPA                DATA
 0002:0000013c 00000004H .CRT$XPX                DATA
 0002:00000140 00000004H .CRT$XPXA               DATA
 0002:00000144 00000004H .CRT$XPZ                DATA
 0002:00000148 00000004H .CRT$XTA                DATA
 0002:0000014c 00000004H .CRT$XTZ                DATA
 0002:00000150 00002460H .rdata                  DATA
 0002:000025b0 00000214H .rdata$r                DATA
 0002:000027d0 00000034H .rdata$sxdata           DATA
 0002:00002804 00000004H .rtc$IAA                DATA
 0002:00002808 00000004H .rtc$IZZ                DATA
 0002:0000280c 00000004H .rtc$TAA                DATA
 0002:00002810 00000004H .rtc$TZZ                DATA
 0002:00002818 0000074cH .xdata$x                DATA
 0002:00002f64 00000014H .idata$2                DATA
 0002:00002f78 00000014H .idata$3                DATA
 0002:00002f8c 00000110H .idata$4                DATA
 0002:0000309c 000004e0H .idata$6                DATA
 0002:0000357c 00000000H .edata                  DATA
 0003:00000000 00001040H .data                   DATA
 0003:00001040 00001e3cH .bss                    DATA

  Address         Publics by Value              Rva+Base       Lib:Object

 0000:00000000       __except_list              00000000     <absolute>
 0000:0000000d       ___safe_se_handler_count   0000000d     <absolute>
 0000:00000000       ___ImageBase               00400000     <linker-defined>
 0001:00000000       _main                      00401000 f   mpirun.obj
 0001:000003b0       ??0?$basic_string@DU?$char_traits@D@std@@V?$allocator@D@2@@std@@QAE@PBD@Z 004013b0 f i mpirun.obj
 0001:00000430       ??1?$basic_string@DU?$char_traits@D@std@@V?$allocator@D@2@@std@@QAE@XZ 00401430 f i mpirun.obj
 0001:00000490       ??Y?$basic_string@DU?$char_traits@D@std@@V?$allocator@D@2@@std@@QAEAAV01@ABV01@@Z 00401490 f i mpirun.obj
 0001:000004b0       ??Y?$basic_string@DU?$char_traits@D@std@@V?$allocator@D@2@@std@@QAEAAV01@PBD@Z 004014b0 f i mpirun.obj
 0001:000004d0       ?c_str@?$basic_string@DU?$char_traits@D@std@@V?$allocator@D@2@@std@@QBEPBDXZ 004014d0 f i mpirun.obj
 0001:000004f0       ?begin@?$vector@PAXV?$allocator@PAX@std@@@std@@QAE?AV?$_Vector_iterator@V?$_Vector_val@PAXV?$allocator@PAX@std@@@std@@@2@XZ 004014f0 f i mpirun.obj
 0001:00000520       ?size@?$vector@PAXV?$allocator@PAX@std@@@std@@QBEIXZ 00401520 f i mpirun.obj
 0001:00000540       ?empty@?$vector@PAXV?$allocator@PAX@std@@@std@@QBE_NXZ 00401540 f i mpirun.obj
 0001:00000560       ??A?$vector@PAXV?$allocator@PAX@std@@@std@@QAEAAPAXI@Z 00401560 f i mpirun.obj
 0001:00000580       ?push_back@?$vector@PAXV?$allocator@PAX@std@@@std@@QAEXABQAX@Z 00401580 f i mpirun.obj
 0001:00000680       ?erase@?$vector@PAXV?$allocator@PAX@std@@@std@@QAE?AV?$_Vector_iterator@V?$_Vector_val@PAXV?$allocator@PAX@std@@@std@@@2@V?$_Vector_const_iterator@V?$_Vector_val@PAXV?$allocator@PAX@std@@@std@@@2@@Z 00401680 f i mpirun.obj
 0001:000006f0       ??H?$_Vector_iterator@V?$_Vector_val@PAXV?$allocator@PAX@std@@@std@@@std@@QBE?AV01@H@Z 004016f0 f i mpirun.obj
 0001:00000720       ?append@?$basic_string@DU?$char_traits@D@std@@V?$allocator@D@2@@std@@QAEAAV12@ABV12@@Z 00401720 f i mpirun.obj
 0001:00000750       ?append@?$basic_string@DU?$char_traits@D@std@@V?$allocator@D@2@@std@@QAEAAV12@PBD@Z 00401750 f i mpirun.obj
 0001:00000780       ?length@?$char_traits@D@std@@SAIPBD@Z 00401780 f i mpirun.obj
 0001:000007a0       ?assign@?$basic_string@DU?$char_traits@D@std@@V?$allocator@D@2@@std@@QAEAAV12@PBD@Z 004017a0 f i mpirun.obj
 0001:000007d0       ?_Tidy@?$basic_string@DU?$char_traits@D@std@@V?$allocator@D@2@@std@@QAEX_NI@Z 004017d0 f i mpirun.obj
 0001:00000850       ?copy@?$char_traits@D@std@@SAPADPADPBDI@Z 00401850 f i mpirun.obj
 0001:00000870       ??0?$_String_val@DV?$allocator@D@std@@@std@@QAE@V?$allocator@D@1@@Z 00401870 f i mpirun.obj
 0001:00000890       ?_Make_iter@?$vector@PAXV?$allocator@PAX@std@@@std@@QBE?AV?$_Vector_iterator@V?$_Vector_val@PAXV?$allocator@PAX@std@@@std@@@2@V?$_Vector_const_iterator@V?$_Vector_val@PAXV?$allocator@PAX@std@@@std@@@2@@Z 00401890 f i mpirun.obj
 0001:000008b0       ?_Destroy@?$vector@PAXV?$allocator@PAX@std@@@std@@IAEXPAPAX0@Z 004018b0 f i mpirun.obj
 0001:000008e0       ?_Inside@?$vector@PAXV?$allocator@PAX@std@@@std@@IBE_NPBQAX@Z 004018e0 f i mpirun.obj
 0001:00000920       ?_Reserve@?$vector@PAXV?$allocator@PAX@std@@@std@@IAEXI@Z 00401920 f i mpirun.obj
 0001:00000990       ?_Orphan_range@?$vector@PAXV?$allocator@PAX@std@@@std@@IBEXPAPAX0@Z 00401990 f i mpirun.obj
 0001:000009a0       ??0?$_Vector_iterator@V?$_Vector_val@PAXV?$allocator@PAX@std@@@std@@@std@@QAE@PAPAXPBU_Container_base0@1@@Z 004019a0 f i mpirun.obj
 0001:000009c0       ??Y?$_Vector_iterator@V?$_Vector_val@PAXV?$allocator@PAX@std@@@std@@@std@@QAEAAV01@H@Z 004019c0 f i mpirun.obj
 0001:000009e0       ?append@?$basic_string@DU?$char_traits@D@std@@V?$allocator@D@2@@std@@QAEAAV12@ABV12@II@Z 004019e0 f i mpirun.obj
 0001:00000aa0       ?size@?$basic_string@DU?$char_traits@D@std@@V?$allocator@D@2@@std@@QBEIXZ 00401aa0 f i mpirun.obj
 0001:00000ac0       ?append@?$basic_string@DU?$char_traits@D@std@@V?$allocator@D@2@@std@@QAEAAV12@PBDI@Z 00401ac0 f i mpirun.obj
 0001:00000b70       ?assign@?$basic_string@DU?$char_traits@D@std@@V?$allocator@D@2@@std@@QAEAAV12@PBDI@Z 00401b70 f i mpirun.obj
 0001:00000bf0       ?_Eos@?$basic_string@DU?$char_traits@D@std@@V?$allocator@D@2@@std@@QAEXI@Z 00401bf0 f i mpirun.obj
 0001:00000c30       ?assign@?$char_traits@D@std@@SAXAADABD@Z 00401c30 f i mpirun.obj
 0001:00000c40       ?_Myptr@?$basic_string@DU?$char_traits@D@std@@V?$allocator@D@2@@std@@QAEPADXZ 00401c40 f i mpirun.obj
 0001:00000c40       ?_Myptr@?$basic_string@DU?$char_traits@D@std@@V?$allocator@D@2@@std@@QBEPBDXZ 00401c40 f i mpirun.obj
 0001:00000c70       ?_Xran@?$basic_string@DU?$char_traits@D@std@@V?$allocator@D@2@@std@@QBEXXZ 00401c70 f i mpirun.obj
 0001:00000c90       ?reserve@?$vector@PAXV?$allocator@PAX@std@@@std@@QAEXI@Z 00401c90 f i mpirun.obj
 0001:00000de0       ?capacity@?$vector@PAXV?$allocator@PAX@std@@@std@@QBEIXZ 00401de0 f i mpirun.obj
 0001:00000e00       ?max_size@?$vector@PAXV?$allocator@PAX@std@@@std@@QBEIXZ 00401e00 f i mpirun.obj
 0001:00000e20       ?_Grow_to@?$vector@PAXV?$allocator@PAX@std@@@std@@IBEII@Z 00401e20 f i mpirun.obj
 0001:00000e80       ?_Xlen@?$vector@PAXV?$allocator@PAX@std@@@std@@IBEXXZ 00401e80 f i mpirun.obj
 0001:00000ea0       ?deallocate@?$allocator@PAX@std@@QAEXPAPAXI@Z 00401ea0 f i mpirun.obj
 0001:00000ea0       ?deallocate@?$allocator@D@std@@QAEXPADI@Z 00401ea0 f i mpirun.obj
 0001:00000ec0       ??0?$_Vector_const_iterator@V?$_Vector_val@PAXV?$allocator@PAX@std@@@std@@@std@@QAE@PAPAXPBU_Container_base0@1@@Z 00401ec0 f i mpirun.obj
 0001:00000ef0       ?_Adopt@_Iterator_base0@std@@QAEXPBX@Z 00401ef0 f i mpirun.obj
 0001:00000f00       ??Y?$_Vector_const_iterator@V?$_Vector_val@PAXV?$allocator@PAX@std@@@std@@@std@@QAEAAV01@H@Z 00401f00 f i mpirun.obj
 0001:00000f20       ?assign@?$basic_string@DU?$char_traits@D@std@@V?$allocator@D@2@@std@@QAEAAV12@ABV12@II@Z 00401f20 f i mpirun.obj
 0001:00000fe0       ?_Grow@?$basic_string@DU?$char_traits@D@std@@V?$allocator@D@2@@std@@QAE_NI_N@Z 00401fe0 f i mpirun.obj
 0001:00001080       ?_Inside@?$basic_string@DU?$char_traits@D@std@@V?$allocator@D@2@@std@@QAE_NPBD@Z 00402080 f i mpirun.obj
 0001:000010c0       ?_Xlen@?$basic_string@DU?$char_traits@D@std@@V?$allocator@D@2@@std@@QBEXXZ 004020c0 f i mpirun.obj
 0001:000010e0       ?allocate@?$allocator@PAX@std@@QAEPAPAXI@Z 004020e0 f i mpirun.obj
 0001:00001100       ?max_size@?$allocator@PAX@std@@QBEIXZ 00402100 f i mpirun.obj
 0001:00001130       ?erase@?$basic_string@DU?$char_traits@D@std@@V?$allocator@D@2@@std@@QAEAAV12@II@Z 00402130 f i mpirun.obj
 0001:000011c0       ?move@?$char_traits@D@std@@SAPADPADPBDI@Z 004021c0 f i mpirun.obj
 0001:000011e0       ?max_size@?$basic_string@DU?$char_traits@D@std@@V?$allocator@D@2@@std@@QBEIXZ 004021e0 f i mpirun.obj
 0001:00001220       ?_Copy@?$basic_string@DU?$char_traits@D@std@@V?$allocator@D@2@@std@@QAEXII@Z 00402220 f i mpirun.obj
 0001:000013b0       ?allocate@?$allocator@D@std@@QAEPADI@Z 004023b0 f i mpirun.obj
 0001:000013d0       ?max_size@?$allocator@D@std@@QBEIXZ 004023d0 f i mpirun.obj
 0001:00001400       ??$?HDU?$char_traits@D@std@@V?$allocator@D@1@@std@@YA?AV?$basic_string@DU?$char_traits@D@std@@V?$allocator@D@2@@0@$$QAV10@PBD@Z 00402400 f i mpirun.obj
 0001:00001440       ??0?$basic_string@DU?$char_traits@D@std@@V?$allocator@D@2@@std@@QAE@$$QAV01@@Z 00402440 f i mpirun.obj
 0001:000014d0       ?assign@?$basic_string@DU?$char_traits@D@std@@V?$allocator@D@2@@std@@QAEAAV12@$$QAV12@@Z 004024d0 f i mpirun.obj
 0001:000015a0       ??4?$basic_string@DU?$char_traits@D@std@@V?$allocator@D@2@@std@@QAEAAV01@ABV01@@Z 004025a0 f i mpirun.obj
 0001:000015c0       ?get_allocator@?$basic_string@DU?$char_traits@D@std@@V?$allocator@D@2@@std@@QBE?AV?$allocator@D@2@XZ 004025c0 f i mpirun.obj
 0001:000015e0       ?assign@?$basic_string@DU?$char_traits@D@std@@V?$allocator@D@2@@std@@QAEAAV12@ABV12@@Z 004025e0 f i mpirun.obj
 0001:00001610       ??$forward@V?$allocator@D@std@@@std@@YA$$QAV?$allocator@D@0@AAV10@@Z 00402610 f i mpirun.obj
 0001:00001610       ??$addressof@QAX@std@@YAPBQAXABQAX@Z 00402610 f i mpirun.obj
 0001:00001610       ??$forward@ABQAX@std@@YAABQAXABQAX@Z 00402610 f i mpirun.obj
 0001:00001610       ??$forward@V?$basic_string@DU?$char_traits@D@std@@V?$allocator@D@2@@std@@@std@@YA$$QAV?$basic_string@DU?$char_traits@D@std@@V?$allocator@D@2@@0@AAV10@@Z 00402610 f i mpirun.obj
 0001:00001610       ??$forward@AAPAX@std@@YAAAPAXAAPAX@Z 00402610 f i mpirun.obj
 0001:00001610       ??$move@AAV?$basic_string@DU?$char_traits@D@std@@V?$allocator@D@2@@std@@@std@@YA$$QAV?$basic_string@DU?$char_traits@D@std@@V?$allocator@D@2@@0@AAV10@@Z 00402610 f i mpirun.obj
 0001:00001620       ??$_Cons_val@V?$allocator@PAX@std@@PAXAAPAX@std@@YAXAAV?$allocator@PAX@0@PAPAXAAPAX@Z 00402620 f i mpirun.obj
 0001:00001640       ??$_Cons_val@V?$allocator@PAX@std@@PAXABQAX@std@@YAXAAV?$allocator@PAX@0@PAPAXABQAX@Z 00402640 f i mpirun.obj
 0001:00001660       ??$_Move@PAPAXPAPAX@std@@YAPAPAXPAPAX00@Z 00402660 f i mpirun.obj
 0001:000016a0       ??$?9DD@std@@YA_NABV?$allocator@D@0@0@Z 004026a0 f i mpirun.obj
 0001:000016c0       ??$_Destroy_range@V?$allocator@PAX@std@@@std@@YAXPAPAX0AAV?$allocator@PAX@0@@Z 004026c0 f i mpirun.obj
 0001:00001700       ??$_Umove@PAPAX@?$vector@PAXV?$allocator@PAX@std@@@std@@IAEPAPAXPAPAX00@Z 00402700 f i mpirun.obj
 0001:00001730       ??$_Allocate@PAX@std@@YAPAPAXIPAPAX@Z 00402730 f i mpirun.obj
 0001:00001790       ??0bad_alloc@std@@QAE@PBD@Z 00402790 f i mpirun.obj
 0001:000017c0       ??1bad_alloc@std@@UAE@XZ   004027c0 f i mpirun.obj
 0001:000017e0       ??_Ebad_alloc@std@@UAEPAXI@Z 004027e0 f i mpirun.obj
 0001:000017e0       ??_Gbad_alloc@std@@UAEPAXI@Z 004027e0 f i mpirun.obj
 0001:00001810       ??$_Allocate@D@std@@YAPADIPAD@Z 00402810 f i mpirun.obj
 0001:00001870       ??0bad_alloc@std@@QAE@ABV01@@Z 00402870 f i mpirun.obj
 0001:000018a0       ?construct@?$allocator@PAX@std@@QAEXPAPAXABQAX@Z 004028a0 f i mpirun.obj
 0001:000018c0       ??$construct@AAPAX@?$allocator@PAX@std@@QAEXPAPAXAAPAX@Z 004028c0 f i mpirun.obj
 0001:00001950       ??2@YAPAXIPAX@Z            00402950 f i mpirun.obj
 0001:00001960       ??3@YAXPAX0@Z              00402960 f i mpirun.obj
 0001:00001960       ??$_Destroy_range@V?$allocator@PAX@std@@@std@@YAXPAPAX0AAV?$allocator@PAX@0@U_Scalar_ptr_iterator_tag@0@@Z 00402960 f i mpirun.obj
 0001:00001970       ??$_Ptr_cat@PAXPAX@std@@YA?AU_Scalar_ptr_iterator_tag@0@PAPAX0@Z 00402970 f i mpirun.obj
 0001:00001980       ??$_Move@PAPAXPAPAX@std@@YAPAPAXPAPAX00U_Scalar_ptr_iterator_tag@0@@Z 00402980 f i mpirun.obj
 0001:000019c0       ??$?8DD@std@@YA_NABV?$allocator@D@0@0@Z 004029c0 f i mpirun.obj
 0001:000019d0       ??$_Uninitialized_move@PAPAXPAPAXV?$allocator@PAX@std@@@std@@YAPAPAXPAPAX00AAV?$allocator@PAX@0@@Z 004029d0 f i mpirun.obj
 0001:00001a20       ??$_Construct@PAXABQAX@std@@YAXPAPAXABQAX@Z 00402a20 f i mpirun.obj
 0001:00001ab0       ??$_Val_type@PAPAX@std@@YAPAPAXPAPAX@Z 00402ab0 f i mpirun.obj
 0001:00001ac0       ??$_Uninit_move@PAXPAXPAX@std@@YAPAPAXPAPAX00AAV?$allocator@PAX@0@0U_Scalar_ptr_iterator_tag@0@@Z 00402ac0 f i mpirun.obj
 0001:00001b00       ??0?$vector@PAXV?$allocator@PAX@std@@@std@@QAE@XZ 00402b00 f i mpirun.obj
 0001:00001b30       ??0?$_Vector_val@PAXV?$allocator@PAX@std@@@std@@QAE@V?$allocator@PAX@1@@Z 00402b30 f i mpirun.obj
 0001:00001b70       ??0?$allocator@D@std@@QAE@XZ 00402b70 f i mpirun.obj
 0001:00001b70       ??0?$allocator@PAX@std@@QAE@XZ 00402b70 f i mpirun.obj
 0001:00001b80       ??0?$allocator@D@std@@QAE@ABV01@@Z 00402b80 f i mpirun.obj
 0001:00001b80       ??0?$allocator@PAX@std@@QAE@ABV01@@Z 00402b80 f i mpirun.obj
 0001:00001b90       ??1?$vector@PAXV?$allocator@PAX@std@@@std@@QAE@XZ 00402b90 f i mpirun.obj
 0001:00001bf0       ?_Tidy@?$vector@PAXV?$allocator@PAX@std@@@std@@IAEXXZ 00402bf0 f i mpirun.obj
 0001:00001c60       ?_Orphan_all@_Container_base0@std@@QAEXXZ 00402c60 f i mpirun.obj
 0001:00001c60       ??1?$_String_val@DV?$allocator@D@std@@@std@@QAE@XZ 00402c60 f i mpirun.obj
 0001:00001c60       ??1?$_Vector_val@PAXV?$allocator@PAX@std@@@std@@QAE@XZ 00402c60 f i mpirun.obj
 0001:00001c6b       ??1out_of_range@std@@UAE@XZ 00402c6b f i libcpmt:xthrow.obj
 0001:00001c6b       ??1length_error@std@@UAE@XZ 00402c6b f i libcpmt:xthrow.obj
 0001:00001c70       ??0logic_error@std@@QAE@ABV01@@Z 00402c70 f i libcpmt:xthrow.obj
 0001:00001c8d       ?_Xlength_error@std@@YAXPBD@Z 00402c8d f   libcpmt:xthrow.obj
 0001:00001cbd       ??0length_error@std@@QAE@ABV01@@Z 00402cbd f i libcpmt:xthrow.obj
 0001:00001cda       ?_Xout_of_range@std@@YAXPBD@Z 00402cda f   libcpmt:xthrow.obj
 0001:00001d0a       ??0out_of_range@std@@QAE@ABV01@@Z 00402d0a f i libcpmt:xthrow.obj
 0001:00001d27       ??_Glogic_error@std@@UAEPAXI@Z 00402d27 f i libcpmt:xthrow.obj
 0001:00001d27       ??_Glength_error@std@@UAEPAXI@Z 00402d27 f i libcpmt:xthrow.obj
 0001:00001d27       ??_Eout_of_range@std@@UAEPAXI@Z 00402d27 f i libcpmt:xthrow.obj
 0001:00001d27       ??_Elogic_error@std@@UAEPAXI@Z 00402d27 f i libcpmt:xthrow.obj
 0001:00001d27       ??_Gout_of_range@std@@UAEPAXI@Z 00402d27 f i libcpmt:xthrow.obj
 0001:00001d27       ??_Elength_error@std@@UAEPAXI@Z 00402d27 f i libcpmt:xthrow.obj
 0001:00001d48       ___crtCorExitProcess       00402d48 f   LIBCMT:crt0dat.obj
 0001:00001d73       ___crtExitProcess          00402d73 f   LIBCMT:crt0dat.obj
 0001:00001d8b       __lockexit                 00402d8b f   LIBCMT:crt0dat.obj
 0001:00001d94       __unlockexit               00402d94 f   LIBCMT:crt0dat.obj
 0001:00001d9d       __init_pointers            00402d9d f   LIBCMT:crt0dat.obj
 0001:00001dd0       __initterm_e               00402dd0 f   LIBCMT:crt0dat.obj
 0001:00001df4       __cinit                    00402df4 f   LIBCMT:crt0dat.obj
 0001:00001fcb       _exit                      00402fcb f   LIBCMT:crt0dat.obj
 0001:00001fe1       __exit                     00402fe1 f   LIBCMT:crt0dat.obj
 0001:00001ff7       __cexit                    00402ff7 f   LIBCMT:crt0dat.obj
 0001:00002006       __c_exit                   00403006 f   LIBCMT:crt0dat.obj
 0001:00002015       __amsg_exit                00403015 f   LIBCMT:crt0dat.obj
 0001:00002033       __get_sys_err_msg          00403033 f i LIBCMT:perror.obj
 0001:0000205b       _perror                    0040305b f   LIBCMT:perror.obj
 0001:000020e9       __flush                    004030e9 f   LIBCMT:fflush.obj
 0001:00002151       __fflush_nolock            00403151 f   LIBCMT:fflush.obj
 0001:00002273       _fflush                    00403273 f   LIBCMT:fflush.obj
 0001:000022c6       __flushall                 004032c6 f   LIBCMT:fflush.obj
 0001:000022cf       _sprintf                   004032cf f   LIBCMT:sprintf.obj
 0001:00002360       _memset                    00403360 f   LIBCMT:memset.obj
 0001:000023da       _rand                      004033da f   LIBCMT:rand.obj
 0001:00002469       _sscanf                    00403469 f   LIBCMT:sscanf.obj
 0001:0000248b       _fprintf                   0040348b f   LIBCMT:fprintf.obj
 0001:00002597       ___iob_func                00403597 f   LIBCMT:_file.obj
 0001:0000259d       ___initstdio               0040359d f   LIBCMT:_file.obj
 0001:0000264e       ___endstdio                0040364e f   LIBCMT:_file.obj
 0001:0000266e       __lock_file                0040366e f   LIBCMT:_file.obj
 0001:000026af       __lock_file2               004036af f   LIBCMT:_file.obj
 0001:000026e1       __unlock_file              004036e1 f   LIBCMT:_file.obj
 0001:0000271d       __unlock_file2             0040371d f   LIBCMT:_file.obj
 0001:0000274c       ?_JumpToContinuation@@YGXPAXPAUEHRegistrationNode@@@Z 0040374c f   LIBCMT:_trnsctrl_.obj
 0001:0000277e       ?_CallMemberFunction1@@YGXPAX00@Z 0040377e f   LIBCMT:_trnsctrl_.obj
 0001:0000277e       ?_CallMemberFunction0@@YGXPAX0@Z 0040377e f   LIBCMT:_trnsctrl_.obj
 0001:0000277e       ?_CallMemberFunction2@@YGXPAX00H@Z 0040377e f   LIBCMT:_trnsctrl_.obj
 0001:00002785       ?_UnwindNestedFrames@@YGXPAUEHRegistrationNode@@PAUEHExceptionRecord@@@Z 00403785 f   LIBCMT:_trnsctrl_.obj
 0001:000027d9       ___CxxFrameHandler3        004037d9 f   LIBCMT:_trnsctrl_.obj
 0001:00002842       ?_CallSETranslator@@YAHPAUEHExceptionRecord@@PAUEHRegistrationNode@@PAX2PBU_s_FuncInfo@@H1@Z 00403842 f   LIBCMT:_trnsctrl_.obj
 0001:000029b8       ?_GetRangeOfTrysToCheck@@YAPBU_s_TryBlockMapEntry@@PBU_s_FuncInfo@@HHPAI1@Z 004039b8 f   LIBCMT:_trnsctrl_.obj
 0001:00002a2b       __CreateFrameInfo          00403a2b f   LIBCMT:_trnsctrl_.obj
 0001:00002a57       __IsExceptionObjectToBeDestroyed 00403a57 f   LIBCMT:_trnsctrl_.obj
 0001:00002a7e       __FindAndUnlinkFrame       00403a7e f   LIBCMT:_trnsctrl_.obj
 0001:00002ad0       ?_CallCatchBlock2@@YAPAXPAUEHRegistrationNode@@PBU_s_FuncInfo@@PAXHK@Z 00403ad0 f   LIBCMT:_trnsctrl_.obj
 0001:00002b30       @__security_check_cookie@4 00403b30 f   LIBCMT:secchk.obj
 0001:00002b40       _strlen                    00403b40 f   LIBCMT:strlen.obj
 0001:00002bd0       _memcpy                    00403bd0 f   LIBCMT:memcpy.obj
 0001:00002f31       ??3@YAXPAX@Z               00403f31 f   LIBCMT:delete.obj
 0001:00002f3c       __CxxThrowException@8      00403f3c f   LIBCMT:throw.obj
 0001:00002f90       _memmove                   00403f90 f   LIBCMT:memmove.obj
 0001:000032f1       ??2@YAPAXI@Z               004042f1 f   LIBCMT:new.obj
 0001:00003371       ??1type_info@@UAE@XZ       00404371 f   LIBCMT:typinfo.obj
 0001:00003381       ??_Etype_info@@UAEPAXI@Z   00404381 f i LIBCMT:typinfo.obj
 0001:00003381       ??_Gtype_info@@UAEPAXI@Z   00404381 f i LIBCMT:typinfo.obj
 0001:000033a2       ??8type_info@@QBE_NABV0@@Z 004043a2 f   LIBCMT:typinfo.obj
 0001:000033c2       ??0exception@std@@QAE@ABQBDH@Z 004043c2 f   LIBCMT:stdexcpt.obj
 0001:000033df       ?what@exception@std@@UBEPBDXZ 004043df f   LIBCMT:stdexcpt.obj
 0001:000033ec       ?_Copy_str@exception@std@@AAEXPBD@Z 004043ec f   LIBCMT:stdexcpt.obj
 0001:0000342c       ?_Tidy@exception@std@@AAEXXZ 0040442c f   LIBCMT:stdexcpt.obj
 0001:0000344a       ??0exception@std@@QAE@ABQBD@Z 0040444a f   LIBCMT:stdexcpt.obj
 0001:00003471       ??4exception@std@@QAEAAV01@ABV01@@Z 00404471 f   LIBCMT:stdexcpt.obj
 0001:000034a6       ??1exception@std@@UAE@XZ   004044a6 f   LIBCMT:stdexcpt.obj
 0001:000034b1       ??_Gexception@std@@UAEPAXI@Z 004044b1 f i LIBCMT:stdexcpt.obj
 0001:000034b1       ??_Eexception@std@@UAEPAXI@Z 004044b1 f i LIBCMT:stdexcpt.obj
 0001:000034d8       ??0exception@std@@QAE@ABV01@@Z 004044d8 f   LIBCMT:stdexcpt.obj
 0001:000035b3       ___onexitinit              004045b3 f   LIBCMT:onexit.obj
 0001:000035e4       __onexit                   004045e4 f   LIBCMT:onexit.obj
 0001:00003620       _atexit                    00404620 f   LIBCMT:onexit.obj
 0001:000037c1       _mainCRTStartup            004047c1 f   LIBCMT:crt0.obj
 0001:000037cb       __mtinitlocks              004047cb f   LIBCMT:mlock.obj
 0001:00003815       __mtdeletelocks            00404815 f   LIBCMT:mlock.obj
 0001:0000386c       __unlock                   0040486c f   LIBCMT:mlock.obj
 0001:00003883       __mtinitlocknum            00404883 f   LIBCMT:mlock.obj
 0001:00003945       __lock                     00404945 f   LIBCMT:mlock.obj
 0001:00003978       ?terminate@@YAXXZ          00404978 f   LIBCMT:hooks.obj
 0001:000039b1       ?unexpected@@YAXXZ         004049b1 f   LIBCMT:hooks.obj
 0001:000039c4       ?_inconsistency@@YAXXZ     004049c4 f   LIBCMT:hooks.obj
 0001:000039fc       __initp_eh_hooks           004049fc f   LIBCMT:hooks.obj
 0001:00003a0d       __initp_misc_winsig        00404a0d f   LIBCMT:winsig.obj
 0001:00003a62       ___get_sigabrt             00404a62 f   LIBCMT:winsig.obj
 0001:00003a6f       _raise                     00404a6f f   LIBCMT:winsig.obj
 0001:00003c12       __initp_misc_rand_s        00404c12 f   LIBCMT:rand_s.obj
 0001:00003c21       __initp_misc_purevirt      00404c21 f   LIBCMT:inithelp.obj
 0001:00003c30       __initp_misc_invarg        00404c30 f   LIBCMT:invarg.obj
 0001:00003c3f       __call_reportfault         00404c3f f   LIBCMT:invarg.obj
 0001:00003d68       __invoke_watson            00404d68 f   LIBCMT:invarg.obj
 0001:00003d8d       __invalid_parameter        00404d8d f   LIBCMT:invarg.obj
 0001:00003dba       __invalid_parameter_noinfo 00404dba f   LIBCMT:invarg.obj
 0001:00003dca       __initp_heap_handler       00404dca f   LIBCMT:handler.obj
 0001:00003dd9       __callnewh                 00404dd9 f   LIBCMT:handler.obj
 0001:00003e01       __encoded_null             00404e01 f   LIBCMT:tidtable.obj
 0001:00003e0a       ___crtTlsAlloc@4           00404e0a f   LIBCMT:tidtable.obj
 0001:00003e13       ___set_flsgetvalue         00404e13 f   LIBCMT:tidtable.obj
 0001:00003e47       __mtterm                   00404e47 f   LIBCMT:tidtable.obj
 0001:00003e84       __initptd                  00404e84 f   LIBCMT:tidtable.obj
 0001:00003f38       __getptd_noexit            00404f38 f   LIBCMT:tidtable.obj
 0001:00003fb1       __getptd                   00404fb1 f   LIBCMT:tidtable.obj
 0001:00003fcb       __freefls@4                00404fcb f   LIBCMT:tidtable.obj
 0001:000040fa       __mtinit                   004050fa f   LIBCMT:tidtable.obj
 0001:00004275       __get_errno_from_oserr     00405275 f   LIBCMT:dosmap.obj
 0001:000042b7       __errno                    004052b7 f   LIBCMT:dosmap.obj
 0001:000042ca       ___doserrno                004052ca f   LIBCMT:dosmap.obj
 0001:000042dd       __dosmaperr                004052dd f   LIBCMT:dosmap.obj
 0001:00004300       __RTC_Initialize           00405300 f   LIBCMT:_initsect_.obj
 0001:00004326       __RTC_Terminate            00405326 f   LIBCMT:_initsect_.obj
 0001:0000434c       __initp_misc_cfltcvt_tab   0040534c f   LIBCMT:cmiscdat.obj
 0001:00004370       __ValidateImageBase        00405370 f   LIBCMT:pesect.obj
 0001:000043b0       __FindPESection            004053b0 f   LIBCMT:pesect.obj
 0001:00004400       __IsNonwritableInCurrentImage 00405400 f   LIBCMT:pesect.obj
 0001:000044c0       __SEH_prolog4              004054c0 f   LIBCMT:sehprolg4.obj
 0001:00004505       __SEH_epilog4              00405505 f   LIBCMT:sehprolg4.obj
 0001:00004520       __except_handler4          00405520 f   LIBCMT:chandler4.obj
 0001:000046af       __GET_RTERRMSG             004056af f   LIBCMT:crt0msg.obj
 0001:000046d5       __NMSG_WRITE               004056d5 f   LIBCMT:crt0msg.obj
 0001:00004884       __FF_MSGBANNER             00405884 f   LIBCMT:crt0msg.obj
 0001:000048bd       ___sys_nerr                004058bd f   LIBCMT:syserr.obj
 0001:000048c3       ___sys_errlist             004058c3 f   LIBCMT:syserr.obj
 0001:000048c9       __free_osfhnd              004058c9 f   LIBCMT:osfinfo.obj
 0001:0000494f       __get_osfhandle            0040594f f   LIBCMT:osfinfo.obj
 0001:000049b8       ___lock_fhandle            004059b8 f   LIBCMT:osfinfo.obj
 0001:00004a57       __unlock_fhandle           00405a57 f   LIBCMT:osfinfo.obj
 0001:00004a7e       __write_nolock             00405a7e f   LIBCMT:write.obj
 0001:0000517b       __write                    0040617b f   LIBCMT:write.obj
 0001:0000524f       __fileno                   0040624f f   LIBCMT:fileno.obj
 0001:00005275       __commit                   00406275 f   LIBCMT:commit.obj
 0001:0000534e       __flsbuf                   0040634e f   LIBCMT:_flsbuf.obj
 0001:000054b2       ??0_LocaleUpdate@@QAE@PAUlocaleinfo_struct@@@Z 004064b2 f i LIBCMT:output.obj
 0001:000055e0       __output_l                 004065e0 f   LIBCMT:output.obj
 0001:0000618c       __VEC_memzero              0040718c f   LIBCMT:p4_memset.obj
 0001:00006246       ___sse2_available_init     00407246 f   LIBCMT:cpu_disp.obj
 0001:0000630d       __input_l                  0040730d f   LIBCMT:input.obj
 0001:00007311       __stbuf                    00408311 f   LIBCMT:_sftbuf.obj
 0001:000073ad       __ftbuf                    004083ad f   LIBCMT:_sftbuf.obj
 0001:000073e1       __ioinit                   004083e1 f   LIBCMT:ioinit.obj
 0001:00007626       __malloc_crt               00408626 f   LIBCMT:crtheap.obj
 0001:0000766b       __calloc_crt               0040866b f   LIBCMT:crtheap.obj
 0001:000076b7       __realloc_crt              004086b7 f   LIBCMT:crtheap.obj
 0001:00007705       __recalloc_crt             00408705 f   LIBCMT:crtheap.obj
 0001:00007757       _free                      00408757 f   LIBCMT:free.obj
 0001:00007791       __fcloseall                00408791 f   LIBCMT:closeall.obj
 0001:0000782d       ??1bad_exception@std@@UAE@XZ 0040882d f i LIBCMT:frame.obj
 0001:00007838       ??_Ebad_exception@std@@UAEPAXI@Z 00408838 f i LIBCMT:frame.obj
 0001:00007838       ??_Gbad_exception@std@@UAEPAXI@Z 00408838 f i LIBCMT:frame.obj
 0001:0000785f       ___TypeMatch               0040885f f   LIBCMT:frame.obj
 0001:000078be       ___FrameUnwindFilter       004088be f   LIBCMT:frame.obj
 0001:0000790d       ___FrameUnwindToState      0040890d f   LIBCMT:frame.obj
 0001:00007a2e       ___DestructExceptionObject 00408a2e f   LIBCMT:frame.obj
 0001:00007a83       ___AdjustPointer           00408a83 f   LIBCMT:frame.obj
 0001:00007d0c       ___BuildCatchObjectHelper  00408d0c f   LIBCMT:frame.obj
 0001:00007e8b       ___BuildCatchObject        00408e8b f   LIBCMT:frame.obj
 0001:00008407       ??0bad_exception@std@@QAE@ABV01@@Z 00409407 f i LIBCMT:frame.obj
 0001:00008424       ___InternalCxxFrameHandler 00409424 f   LIBCMT:frame.obj
 0001:00008510       __CallSettingFrame@12      00409510 f   LIBCMT:lowhelpr.obj
 0001:00008537       __NLG_Return               00409537     LIBCMT:lowhelpr.obj
 0001:0000855c       ___report_gsfailure        0040955c f   LIBCMT:gs_report.obj
 0001:00008662       __VEC_memcpy               00409662 f   LIBCMT:p4_memcpy.obj
 0001:00008765       _malloc                    00409765 f   LIBCMT:malloc.obj
 0001:000087f9       ?_Type_info_dtor@type_info@@CAXPAV1@@Z 004097f9 f   LIBCMT:typname.obj
 0001:00008870       _strcmp                    00409870 f   LIBCMT:strcmp.obj
 0001:000088f8       _strcpy_s                  004098f8 f   LIBCMT:strcpy_s.obj
 0001:00008957       __msize                    00409957 f   LIBCMT:msize.obj
 0001:0000898a       ?__CxxUnhandledExceptionFilter@@YGJPAU_EXCEPTION_POINTERS@@@Z 0040998a f   LIBCMT:unhandld.obj
 0001:000089cc       ___CxxSetUnhandledExceptionFilter 004099cc f   LIBCMT:unhandld.obj
 0001:000089da       __XcptFilter               004099da f   LIBCMT:winxfltr.obj
 0001:00008b24       __setenvp                  00409b24 f   LIBCMT:stdenvp.obj
 0001:00008d9a       __setargv                  00409d9a f   LIBCMT:stdargv.obj
 0001:00008e55       ___crtGetEnvironmentStringsA 00409e55 f   LIBCMT:a_env.obj
 0001:00008eec       __heap_init                00409eec f   LIBCMT:heapinit.obj
 0001:00008f0a       ___security_init_cookie    00409f0a f   LIBCMT:gs_support.obj
 0001:00008fa5       _abort                     00409fa5 f   LIBCMT:abort.obj
 0001:00008fd8       __freea                    00409fd8 f i LIBCMT:a_loc.obj
 0001:00008ff8       __crt_debugger_hook        00409ff8 f   LIBCMT:dbghook.obj
 0001:00009000       ___addlocaleref            0040a000 f   LIBCMT:localref.obj
 0001:0000908f       ___removelocaleref         0040a08f f   LIBCMT:localref.obj
 0001:00009128       ___freetlocinfo            0040a128 f   LIBCMT:localref.obj
 0001:00009273       __updatetlocinfoEx_nolock  0040a273 f   LIBCMT:localref.obj
 0001:000092c0       ___updatetlocinfo          0040a2c0 f   LIBCMT:localref.obj
 0001:0000955c       ___updatetmbcinfo          0040a55c f   LIBCMT:mbctype.obj
 0001:0000967c       __setmbcp_nolock           0040a67c f   LIBCMT:mbctype.obj
 0001:00009865       __setmbcp                  0040a865 f   LIBCMT:mbctype.obj
 0001:000099ff       ___initmbctable            0040a9ff f   LIBCMT:mbctype.obj
 0001:00009a1d       __fptrap                   0040aa1d f   LIBCMT:crt0fp.obj
 0001:00009a30       __local_unwind4            0040aa30 f   LIBCMT:exsup4.obj
 0001:00009b06       __seh_longjmp_unwind4@4    0040ab06 f   LIBCMT:exsup4.obj
 0001:00009b22       @_EH4_CallFilterFunc@8     0040ab22 f   LIBCMT:exsup4.obj
 0001:00009b39       @_EH4_TransferToHandler@8  0040ab39 f   LIBCMT:exsup4.obj
 0001:00009b52       @_EH4_GlobalUnwind2@8      0040ab52 f   LIBCMT:exsup4.obj
 0001:00009b6b       @_EH4_LocalUnwind@16       0040ab6b f   LIBCMT:exsup4.obj
 0001:00009b82       ___crtMessageBoxW          0040ab82 f   LIBCMT:crtmboxw.obj
 0001:00009cee       _wcscat_s                  0040acee f   LIBCMT:wcscat_s.obj
 0001:00009d63       _wcsncpy_s                 0040ad63 f   LIBCMT:wcsncpy_s.obj
 0001:00009e30       _wcslen                    0040ae30 f   LIBCMT:wcslen.obj
 0001:00009e4b       _wcscpy_s                  0040ae4b f   LIBCMT:wcscpy_s.obj
 0001:00009eae       __set_error_mode           0040aeae f   LIBCMT:errmode.obj
 0001:00009eed       __putwch_nolock            0040aeed f   LIBCMT:putwch.obj
 0001:00009f2f       __mbtowc_l                 0040af2f f   LIBCMT:mbtowc.obj
 0001:0000a045       _mbtowc                    0040b045 f   LIBCMT:mbtowc.obj
 0001:0000a05f       __isleadbyte_l             0040b05f f i LIBCMT:_wctype.obj
 0001:0000a097       _isleadbyte                0040b097 f i LIBCMT:_wctype.obj
 0001:0000a0aa       __isatty                   0040b0aa f   LIBCMT:isatty.obj
 0001:0000a100       __lseeki64_nolock          0040b100 f   LIBCMT:lseeki64.obj
 0001:0000a185       __lseeki64                 0040b185 f   LIBCMT:lseeki64.obj
 0001:0000a270       __chkstk                   0040b270 f   LIBCMT:chkstk.obj
 0001:0000a270       __alloca_probe             0040b270     LIBCMT:chkstk.obj
 0001:0000a29b       __getbuf                   0040b29b f   LIBCMT:_getbuf.obj
 0001:0000a2e4       __get_printf_count_output  0040b2e4 f   LIBCMT:printf.obj
 0001:0000a2fa       __wctomb_s_l               0040b2fa f   LIBCMT:wctomb.obj
 0001:0000a44f       _wctomb_s                  0040b44f f   LIBCMT:wctomb.obj
 0001:0000a470       __aulldvrm                 0040b470 f   LIBCMT:ulldvrm.obj
 0001:0000a505       __isdigit_l                0040b505 f i LIBCMT:_ctype.obj
 0001:0000a556       _isdigit                   0040b556 f i LIBCMT:_ctype.obj
 0001:0000a584       __isxdigit_l               0040b584 f i LIBCMT:_ctype.obj
 0001:0000a5da       _isxdigit                  0040b5da f i LIBCMT:_ctype.obj
 0001:0000a60a       __isspace_l                0040b60a f i LIBCMT:_ctype.obj
 0001:0000a65b       _isspace                   0040b65b f i LIBCMT:_ctype.obj
 0001:0000a689       __filbuf                   0040b689 f   LIBCMT:_filbuf.obj
 0001:0000a7ab       __ungetc_nolock            0040b7ab f   LIBCMT:ungetc.obj
 0001:0000a890       __allmul                   0040b890 f   LIBCMT:llmul.obj
 0001:0000a8c4       __calloc_impl              0040b8c4 f   LIBCMT:calloc_impl.obj
 0001:0000a946       _realloc                   0040b946 f   LIBCMT:realloc.obj
 0001:0000a9f3       __recalloc                 0040b9f3 f   LIBCMT:recalloc.obj
 0001:0000aa61       __fclose_nolock            0040ba61 f   LIBCMT:fclose.obj
 0001:0000aace       _fclose                    0040bace f   LIBCMT:fclose.obj
 0001:0000ab42       __EH_prolog3_catch         0040bb42 f   LIBCMT:ehprolg3.obj
 0001:0000ab78       ?_ValidateWrite@@YAHPAXI@Z 0040bb78 f   LIBCMT:validate.obj
 0001:0000ab78       ?_ValidateRead@@YAHPBXI@Z  0040bb78 f   LIBCMT:validate.obj
 0001:0000ab78       ?_ValidateExecute@@YAHP6GHXZ@Z 0040bb78 f   LIBCMT:validate.obj
 0001:0000ab90       __global_unwind2           0040bb90 f   LIBCMT:exsup.obj
 0001:0000abf5       __local_unwind2            0040bbf5 f   LIBCMT:exsup.obj
 0001:0000ac79       __abnormal_termination     0040bc79 f   LIBCMT:exsup.obj
 0001:0000ac9c       __NLG_Notify1              0040bc9c f   LIBCMT:exsup.obj
 0001:0000aca5       __NLG_Notify               0040bca5 f   LIBCMT:exsup.obj
 0001:0000acbc       __NLG_Dispatch             0040bcbc     LIBCMT:exsup.obj
 0001:0000acbc       __NLG_Dispatch2            0040bcbc     LIBCMT:exsup.obj
 0001:0000acc4       __NLG_Call                 0040bcc4 f   LIBCMT:exsup.obj
 0001:0000acc6       __NLG_Return2              0040bcc6     LIBCMT:exsup.obj
 0001:0000ad1a       __ismbblead                0040bd1a f   LIBCMT:ismbbyte.obj
 0001:0000ad40       __alloca_probe_16          0040bd40 f   LIBCMT:alloca16.obj
 0001:0000ad56       __alloca_probe_8           0040bd56     LIBCMT:alloca16.obj
 0001:0000ad6c       ___free_lc_time            0040bd6c f   LIBCMT:inittime.obj
 0001:0000b0e3       ___free_lconv_num          0040c0e3 f   LIBCMT:initnum.obj
 0001:0000b14c       ___free_lconv_mon          0040c14c f   LIBCMT:initmon.obj
 0001:0000b431       ___crtLCMapStringA         0040c431 f   LIBCMT:a_map.obj
 0001:0000b55e       ___crtGetStringTypeA       0040c55e f   LIBCMT:a_str.obj
 0001:0000b59e       ___initconout              0040c59e f   LIBCMT:initcon.obj
 0001:0000b5bd       ___termconout              0040c5bd f   LIBCMT:initcon.obj
 0001:0000b5d4       __isctype_l                0040c5d4 f   LIBCMT:isctype.obj
 0001:0000b68c       __read_nolock              0040c68c f   LIBCMT:read.obj
 0001:0000bc43       __read                     0040cc43 f   LIBCMT:read.obj
 0001:0000bd39       __close_nolock             0040cd39 f   LIBCMT:close.obj
 0001:0000bdd5       __close                    0040cdd5 f   LIBCMT:close.obj
 0001:0000be99       __freebuf                  0040ce99 f   LIBCMT:_freebuf.obj
 0001:0000bed0       _strcspn                   0040ced0 f   LIBCMT:strcspn.obj
 0001:0000bf20       _strpbrk                   0040cf20 f   LIBCMT:strpbrk.obj
 0001:0000bf60       ___ascii_strnicmp          0040cf60 f   LIBCMT:_strnicm.obj
 0001:0000bfc2       _RtlUnwind@16              0040cfc2 f   kernel32:KERNEL32.dll
 0002:00000000       __imp__CloseHandle@4       0040e000     kernel32:KERNEL32.dll
 0002:00000004       __imp__WaitForMultipleObjects@16 0040e004     kernel32:KERNEL32.dll
 0002:00000008       __imp__CreateProcessA@40   0040e008     kernel32:KERNEL32.dll
 0002:0000000c       __imp__GetStdHandle@4      0040e00c     kernel32:KERNEL32.dll
 0002:00000010       __imp__GetProcAddress@8    0040e010     kernel32:KERNEL32.dll
 0002:00000014       __imp__GetModuleHandleW@4  0040e014     kernel32:KERNEL32.dll
 0002:00000018       __imp__ExitProcess@4       0040e018     kernel32:KERNEL32.dll
 0002:0000001c       __imp__DecodePointer@4     0040e01c     kernel32:KERNEL32.dll
 0002:00000020       __imp__EnterCriticalSection@4 0040e020     kernel32:KERNEL32.dll
 0002:00000024       __imp__LeaveCriticalSection@4 0040e024     kernel32:KERNEL32.dll
 0002:00000028       __imp__RtlUnwind@16        0040e028     kernel32:KERNEL32.dll
 0002:0000002c       __imp__RaiseException@16   0040e02c     kernel32:KERNEL32.dll
 0002:00000030       __imp__EncodePointer@4     0040e030     kernel32:KERNEL32.dll
 0002:00000034       __imp__GetCommandLineA@0   0040e034     kernel32:KERNEL32.dll
 0002:00000038       __imp__HeapSetInformation@16 0040e038     kernel32:KERNEL32.dll
 0002:0000003c       __imp__InitializeCriticalSectionAndSpinCount@8 0040e03c     kernel32:KERNEL32.dll
 0002:00000040       __imp__DeleteCriticalSection@4 0040e040     kernel32:KERNEL32.dll
 0002:00000044       __imp__GetLastError@0      0040e044     kernel32:KERNEL32.dll
 0002:00000048       __imp__LoadLibraryW@4      0040e048     kernel32:KERNEL32.dll
 0002:0000004c       __imp__UnhandledExceptionFilter@4 0040e04c     kernel32:KERNEL32.dll
 0002:00000050       __imp__SetUnhandledExceptionFilter@4 0040e050     kernel32:KERNEL32.dll
 0002:00000054       __imp__IsDebuggerPresent@0 0040e054     kernel32:KERNEL32.dll
 0002:00000058       __imp__TerminateProcess@8  0040e058     kernel32:KERNEL32.dll
 0002:0000005c       __imp__GetCurrentProcess@0 0040e05c     kernel32:KERNEL32.dll
 0002:00000060       __imp__TlsAlloc@0          0040e060     kernel32:KERNEL32.dll
 0002:00000064       __imp__TlsGetValue@4       0040e064     kernel32:KERNEL32.dll
 0002:00000068       __imp__TlsSetValue@8       0040e068     kernel32:KERNEL32.dll
 0002:0000006c       __imp__TlsFree@4           0040e06c     kernel32:KERNEL32.dll
 0002:00000070       __imp__InterlockedIncrement@4 0040e070     kernel32:KERNEL32.dll
 0002:00000074       __imp__SetLastError@4      0040e074     kernel32:KERNEL32.dll
 0002:00000078       __imp__GetCurrentThreadId@0 0040e078     kernel32:KERNEL32.dll
 0002:0000007c       __imp__InterlockedDecrement@4 0040e07c     kernel32:KERNEL32.dll
 0002:00000080       __imp__WriteFile@20        0040e080     kernel32:KERNEL32.dll
 0002:00000084       __imp__GetModuleFileNameW@12 0040e084     kernel32:KERNEL32.dll
 0002:00000088       __imp__SetStdHandle@8      0040e088     kernel32:KERNEL32.dll
 0002:0000008c       __imp__GetFileType@4       0040e08c     kernel32:KERNEL32.dll
 0002:00000090       __imp__WideCharToMultiByte@32 0040e090     kernel32:KERNEL32.dll
 0002:00000094       __imp__GetConsoleCP@0      0040e094     kernel32:KERNEL32.dll
 0002:00000098       __imp__GetConsoleMode@8    0040e098     kernel32:KERNEL32.dll
 0002:0000009c       __imp__FlushFileBuffers@4  0040e09c     kernel32:KERNEL32.dll
 0002:000000a0       __imp__IsProcessorFeaturePresent@4 0040e0a0     kernel32:KERNEL32.dll
 0002:000000a4       __imp__SetHandleCount@4    0040e0a4     kernel32:KERNEL32.dll
 0002:000000a8       __imp__GetStartupInfoW@4   0040e0a8     kernel32:KERNEL32.dll
 0002:000000ac       __imp__Sleep@4             0040e0ac     kernel32:KERNEL32.dll
 0002:000000b0       __imp__HeapFree@12         0040e0b0     kernel32:KERNEL32.dll
 0002:000000b4       __imp__HeapAlloc@12        0040e0b4     kernel32:KERNEL32.dll
 0002:000000b8       __imp__HeapSize@12         0040e0b8     kernel32:KERNEL32.dll
 0002:000000bc       __imp__GetModuleFileNameA@12 0040e0bc     kernel32:KERNEL32.dll
 0002:000000c0       __imp__FreeEnvironmentStringsW@4 0040e0c0     kernel32:KERNEL32.dll
 0002:000000c4       __imp__GetEnvironmentStringsW@0 0040e0c4     kernel32:KERNEL32.dll
 0002:000000c8       __imp__HeapCreate@12       0040e0c8     kernel32:KERNEL32.dll
 0002:000000cc       __imp__QueryPerformanceCounter@4 0040e0cc     kernel32:KERNEL32.dll
 0002:000000d0       __imp__GetTickCount@0      0040e0d0     kernel32:KERNEL32.dll
 0002:000000d4       __imp__GetCurrentProcessId@0 0040e0d4     kernel32:KERNEL32.dll
 0002:000000d8       __imp__GetSystemTimeAsFileTime@4 0040e0d8     kernel32:KERNEL32.dll
 0002:000000dc       __imp__GetCPInfo@8         0040e0dc     kernel32:KERNEL32.dll
 0002:000000e0       __imp__GetACP@0            0040e0e0     kernel32:KERNEL32.dll
 0002:000000e4       __imp__GetOEMCP@0          0040e0e4     kernel32:KERNEL32.dll
 0002:000000e8       __imp__IsValidCodePage@4   0040e0e8     kernel32:KERNEL32.dll
 0002:000000ec       __imp__WriteConsoleW@20    0040e0ec     kernel32:KERNEL32.dll
 0002:000000f0       __imp__MultiByteToWideChar@24 0040e0f0     kernel32:KERNEL32.dll
 0002:000000f4       __imp__SetFilePointer@16   0040e0f4     kernel32:KERNEL32.dll
 0002:000000f8       __imp__HeapReAlloc@16      0040e0f8     kernel32:KERNEL32.dll
 0002:000000fc       __imp__LCMapStringW@24     0040e0fc     kernel32:KERNEL32.dll
 0002:00000100       __imp__GetStringTypeW@16   0040e100     kernel32:KERNEL32.dll
 0002:00000104       __imp__CreateFileW@28      0040e104     kernel32:KERNEL32.dll
 0002:00000108       __imp__ReadFile@20         0040e108     kernel32:KERNEL32.dll
 0002:0000010c       \177KERNEL32_NULL_THUNK_DATA 0040e10c     kernel32:KERNEL32.dll
 0002:00000110       ___xc_a                    0040e110     LIBCMT:crt0init.obj
 0002:00000118       ___xc_z                    0040e118     LIBCMT:crt0init.obj
 0002:0000011c       ___xi_a                    0040e11c     LIBCMT:crt0init.obj
 0002:00000134       ___xi_z                    0040e134     LIBCMT:crt0init.obj
 0002:00000138       ___xp_a                    0040e138     LIBCMT:crt0init.obj
 0002:00000144       ___xp_z                    0040e144     LIBCMT:crt0init.obj
 0002:00000148       ___xt_a                    0040e148     LIBCMT:crt0init.obj
 0002:0000014c       ___xt_z                    0040e14c     LIBCMT:crt0init.obj
 0002:000001cc       ?npos@?$basic_string@DU?$char_traits@D@std@@V?$allocator@D@2@@std@@2IB 0040e1cc     mpirun.obj
 0002:000001d0       ??_C@_0BI@CFPLBAOH@invalid?5string?5position?$AA@ 0040e1d0     mpirun.obj
 0002:000001e8       ??_C@_0BD@OLBABOEK@vector?$DMT?$DO?5too?5long?$AA@ 0040e1e8     mpirun.obj
 0002:000001fc       ??_C@_0BA@JFNIOLAK@string?5too?5long?$AA@ 0040e1fc     mpirun.obj
 0002:00000210       ??_7bad_alloc@std@@6B@     0040e210     mpirun.obj
 0002:0000021c       ??_7logic_error@std@@6B@   0040e21c     libcpmt:xthrow.obj
 0002:00000228       ??_7length_error@std@@6B@  0040e228     libcpmt:xthrow.obj
 0002:00000234       ??_7out_of_range@std@@6B@  0040e234     libcpmt:xthrow.obj
 0002:0000023c       ??_C@_0P@MIGLKIOC@CorExitProcess?$AA@ 0040e23c     LIBCMT:crt0dat.obj
 0002:0000024c       ??_C@_1BI@BGOHAHKC@?$AAm?$AAs?$AAc?$AAo?$AAr?$AAe?$AAe?$AA?4?$AAd?$AAl?$AAl?$AA?$AA@ 0040e24c     LIBCMT:crt0dat.obj
 0002:00000264       ??_C@_01EEMJAFIK@?6?$AA@   0040e264     LIBCMT:perror.obj
 0002:00000268       ??_C@_02LMMGGCAJ@?3?5?$AA@ 0040e268     LIBCMT:perror.obj
 0002:0000028c       ??_C@_0P@GHFPNOJB@bad?5allocation?$AA@ 0040e28c     LIBCMT:new.obj
 0002:000002a0       ??_7type_info@@6B@         0040e2a0     LIBCMT:typinfo.obj
 0002:000002a8       ??_7exception@std@@6B@     0040e2a8     LIBCMT:stdexcpt.obj
 0002:000002b0       ??_C@_0BC@EOODALEL@Unknown?5exception?$AA@ 0040e2b0     LIBCMT:stdexcpt.obj
 0002:000002c4       ??_C@_1BK@DBDEIDLH@?$AAK?$AAE?$AAR?$AAN?$AAE?$AAL?$AA3?$AA2?$AA?4?$AAD?$AAL?$AAL?$AA?$AA@ 0040e2c4     LIBCMT:tidtable.obj
 0002:000002e0       ??_C@_07PEJMOBNF@FlsFree?$AA@ 0040e2e0     LIBCMT:tidtable.obj
 0002:000002e8       ??_C@_0M@JCPCPOEF@FlsSetValue?$AA@ 0040e2e8     LIBCMT:tidtable.obj
 0002:000002f4       ??_C@_0M@GDNOONDI@FlsGetValue?$AA@ 0040e2f4     LIBCMT:tidtable.obj
 0002:00000300       ??_C@_08KNHFBNJ@FlsAlloc?$AA@ 0040e300     LIBCMT:tidtable.obj
 0002:0000030c       ??_C@_1BO@BKOMIGKJ@?$AAr?$AAu?$AAn?$AAt?$AAi?$AAm?$AAe?$AA?5?$AAe?$AAr?$AAr?$AAo?$AAr?$AA?5?$AA?$AA@ 0040e30c     LIBCMT:crt0msg.obj
 0002:0000032c       ??_C@_15JNBOKNOG@?$AA?$AN?$AA?6?$AA?$AA@ 0040e32c     LIBCMT:crt0msg.obj
 0002:00000334       ??_C@_1BM@JBBEPPHI@?$AAT?$AAL?$AAO?$AAS?$AAS?$AA?5?$AAe?$AAr?$AAr?$AAo?$AAr?$AA?$AN?$AA?6?$AA?$AA@ 0040e334     LIBCMT:crt0msg.obj
 0002:00000350       ??_C@_1BK@KMOMNAAI@?$AAS?$AAI?$AAN?$AAG?$AA?5?$AAe?$AAr?$AAr?$AAo?$AAr?$AA?$AN?$AA?6?$AA?$AA@ 0040e350     LIBCMT:crt0msg.obj
 0002:0000036c       ??_C@_1BO@BFCDCGC@?$AAD?$AAO?$AAM?$AAA?$AAI?$AAN?$AA?5?$AAe?$AAr?$AAr?$AAo?$AAr?$AA?$AN?$AA?6?$AA?$AA@ 0040e36c     LIBCMT:crt0msg.obj
 0002:00000390       ??_C@_1BOO@KGEDBGAJ@?$AAR?$AA6?$AA0?$AA3?$AA3?$AA?$AN?$AA?6?$AA?9?$AA?5?$AAA?$AAt?$AAt?$AAe?$AAm?$AAp?$AAt?$AA?5?$AAt?$AAo?$AA?5?$AAu?$AAs?$AAe?$AA?5?$AAM?$AAS?$AAI?$AAL?$AA?5?$AAc?$AAo?$AAd@ 0040e390     LIBCMT:crt0msg.obj
 0002:00000580       ??_C@_1GG@GOPILAJP@?$AAR?$AA6?$AA0?$AA3?$AA2?$AA?$AN?$AA?6?$AA?9?$AA?5?$AAn?$AAo?$AAt?$AA?5?$AAe?$AAn?$AAo?$AAu?$AAg?$AAh?$AA?5?$AAs?$AAp?$AAa?$AAc?$AAe?$AA?5?$AAf?$AAo?$AAr?$AA?5?$AAl?$AAo@ 0040e580     LIBCMT:crt0msg.obj
 0002:000005e8       ??_C@_1MG@ENCOOIDF@?$AAR?$AA6?$AA0?$AA3?$AA1?$AA?$AN?$AA?6?$AA?9?$AA?5?$AAA?$AAt?$AAt?$AAe?$AAm?$AAp?$AAt?$AA?5?$AAt?$AAo?$AA?5?$AAi?$AAn?$AAi?$AAt?$AAi?$AAa?$AAl?$AAi?$AAz?$AAe?$AA?5?$AAt@ 0040e5e8     LIBCMT:crt0msg.obj
 0002:000006b0       ??_C@_1DO@BMFCDCD@?$AAR?$AA6?$AA0?$AA3?$AA0?$AA?$AN?$AA?6?$AA?9?$AA?5?$AAC?$AAR?$AAT?$AA?5?$AAn?$AAo?$AAt?$AA?5?$AAi?$AAn?$AAi?$AAt?$AAi?$AAa?$AAl?$AAi?$AAz?$AAe?$AAd?$AA?$AN?$AA?6?$AA?$AA@ 0040e6b0     LIBCMT:crt0msg.obj
 0002:000006f0       ??_C@_1EK@HHFLMAOL@?$AAR?$AA6?$AA0?$AA2?$AA8?$AA?$AN?$AA?6?$AA?9?$AA?5?$AAu?$AAn?$AAa?$AAb?$AAl?$AAe?$AA?5?$AAt?$AAo?$AA?5?$AAi?$AAn?$AAi?$AAt?$AAi?$AAa?$AAl?$AAi?$AAz?$AAe?$AA?5?$AAh?$AAe@ 0040e6f0     LIBCMT:crt0msg.obj
 0002:00000740       ??_C@_1GK@MFGOKLAG@?$AAR?$AA6?$AA0?$AA2?$AA7?$AA?$AN?$AA?6?$AA?9?$AA?5?$AAn?$AAo?$AAt?$AA?5?$AAe?$AAn?$AAo?$AAu?$AAg?$AAh?$AA?5?$AAs?$AAp?$AAa?$AAc?$AAe?$AA?5?$AAf?$AAo?$AAr?$AA?5?$AAl?$AAo@ 0040e740     LIBCMT:crt0msg.obj
 0002:000007b0       ??_C@_1GK@MCAAGJMO@?$AAR?$AA6?$AA0?$AA2?$AA6?$AA?$AN?$AA?6?$AA?9?$AA?5?$AAn?$AAo?$AAt?$AA?5?$AAe?$AAn?$AAo?$AAu?$AAg?$AAh?$AA?5?$AAs?$AAp?$AAa?$AAc?$AAe?$AA?5?$AAf?$AAo?$AAr?$AA?5?$AAs?$AAt@ 0040e7b0     LIBCMT:crt0msg.obj
 0002:00000820       ??_C@_1EM@MAADIHMB@?$AAR?$AA6?$AA0?$AA2?$AA5?$AA?$AN?$AA?6?$AA?9?$AA?5?$AAp?$AAu?$AAr?$AAe?$AA?5?$AAv?$AAi?$AAr?$AAt?$AAu?$AAa?$AAl?$AA?5?$AAf?$AAu?$AAn?$AAc?$AAt?$AAi?$AAo?$AAn?$AA?5?$AAc@ 0040e820     LIBCMT:crt0msg.obj
 0002:00000870       ??_C@_1GK@FHCKBEFA@?$AAR?$AA6?$AA0?$AA2?$AA4?$AA?$AN?$AA?6?$AA?9?$AA?5?$AAn?$AAo?$AAt?$AA?5?$AAe?$AAn?$AAo?$AAu?$AAg?$AAh?$AA?5?$AAs?$AAp?$AAa?$AAc?$AAe?$AA?5?$AAf?$AAo?$AAr?$AA?5?$AA_?$AAo@ 0040e870     LIBCMT:crt0msg.obj
 0002:000008e0       ??_C@_1FC@ECHBIFBC@?$AAR?$AA6?$AA0?$AA1?$AA9?$AA?$AN?$AA?6?$AA?9?$AA?5?$AAu?$AAn?$AAa?$AAb?$AAl?$AAe?$AA?5?$AAt?$AAo?$AA?5?$AAo?$AAp?$AAe?$AAn?$AA?5?$AAc?$AAo?$AAn?$AAs?$AAo?$AAl?$AAe?$AA?5@ 0040e8e0     LIBCMT:crt0msg.obj
 0002:00000938       ??_C@_1EC@JIBHAOPH@?$AAR?$AA6?$AA0?$AA1?$AA8?$AA?$AN?$AA?6?$AA?9?$AA?5?$AAu?$AAn?$AAe?$AAx?$AAp?$AAe?$AAc?$AAt?$AAe?$AAd?$AA?5?$AAh?$AAe?$AAa?$AAp?$AA?5?$AAe?$AAr?$AAr?$AAo?$AAr?$AA?$AN?$AA?6@ 0040e938     LIBCMT:crt0msg.obj
 0002:00000980       ??_C@_1FK@BEOGODMC@?$AAR?$AA6?$AA0?$AA1?$AA7?$AA?$AN?$AA?6?$AA?9?$AA?5?$AAu?$AAn?$AAe?$AAx?$AAp?$AAe?$AAc?$AAt?$AAe?$AAd?$AA?5?$AAm?$AAu?$AAl?$AAt?$AAi?$AAt?$AAh?$AAr?$AAe?$AAa?$AAd?$AA?5@ 0040e980     LIBCMT:crt0msg.obj
 0002:000009e0       ??_C@_1FI@LOGNIKDM@?$AAR?$AA6?$AA0?$AA1?$AA6?$AA?$AN?$AA?6?$AA?9?$AA?5?$AAn?$AAo?$AAt?$AA?5?$AAe?$AAn?$AAo?$AAu?$AAg?$AAh?$AA?5?$AAs?$AAp?$AAa?$AAc?$AAe?$AA?5?$AAf?$AAo?$AAr?$AA?5?$AAt?$AAh@ 0040e9e0     LIBCMT:crt0msg.obj
 0002:00000a38       ??_C@_1EG@BEHAGFJD@?$AAR?$AA6?$AA0?$AA1?$AA0?$AA?$AN?$AA?6?$AA?9?$AA?5?$AAa?$AAb?$AAo?$AAr?$AAt?$AA?$CI?$AA?$CJ?$AA?5?$AAh?$AAa?$AAs?$AA?5?$AAb?$AAe?$AAe?$AAn?$AA?5?$AAc?$AAa?$AAl?$AAl?$AAe?$AAd@ 0040ea38     LIBCMT:crt0msg.obj
 0002:00000a80       ??_C@_1FI@HONFMGBI@?$AAR?$AA6?$AA0?$AA0?$AA9?$AA?$AN?$AA?6?$AA?9?$AA?5?$AAn?$AAo?$AAt?$AA?5?$AAe?$AAn?$AAo?$AAu?$AAg?$AAh?$AA?5?$AAs?$AAp?$AAa?$AAc?$AAe?$AA?5?$AAf?$AAo?$AAr?$AA?5?$AAe?$AAn@ 0040ea80     LIBCMT:crt0msg.obj
 0002:00000ad8       ??_C@_1FE@LLNEDJMD@?$AAR?$AA6?$AA0?$AA0?$AA8?$AA?$AN?$AA?6?$AA?9?$AA?5?$AAn?$AAo?$AAt?$AA?5?$AAe?$AAn?$AAo?$AAu?$AAg?$AAh?$AA?5?$AAs?$AAp?$AAa?$AAc?$AAe?$AA?5?$AAf?$AAo?$AAr?$AA?5?$AAa?$AAr@ 0040ead8     LIBCMT:crt0msg.obj
 0002:00000b30       ??_C@_1FK@PGACCAFB@?$AAR?$AA6?$AA0?$AA0?$AA2?$AA?$AN?$AA?6?$AA?9?$AA?5?$AAf?$AAl?$AAo?$AAa?$AAt?$AAi?$AAn?$AAg?$AA?5?$AAp?$AAo?$AAi?$AAn?$AAt?$AA?5?$AAs?$AAu?$AAp?$AAp?$AAo?$AAr?$AAt?$AA?5@ 0040eb30     LIBCMT:crt0msg.obj
 0002:00000c40       ??_C@_1EK@MBDPDCGA@?$AAM?$AAi?$AAc?$AAr?$AAo?$AAs?$AAo?$AAf?$AAt?$AA?5?$AAV?$AAi?$AAs?$AAu?$AAa?$AAl?$AA?5?$AAC?$AA?$CL?$AA?$CL?$AA?5?$AAR?$AAu?$AAn?$AAt?$AAi?$AAm?$AAe?$AA?5?$AAL?$AAi?$AAb@ 0040ec40     LIBCMT:crt0msg.obj
 0002:00000c8c       ??_C@_15IABLJNFO@?$AA?6?$AA?6?$AA?$AA@ 0040ec8c     LIBCMT:crt0msg.obj
 0002:00000c94       ??_C@_17LGKOMLJ@?$AA?4?$AA?4?$AA?4?$AA?$AA@ 0040ec94     LIBCMT:crt0msg.obj
 0002:00000c9c       ??_C@_1CO@EAEJAADC@?$AA?$DM?$AAp?$AAr?$AAo?$AAg?$AAr?$AAa?$AAm?$AA?5?$AAn?$AAa?$AAm?$AAe?$AA?5?$AAu?$AAn?$AAk?$AAn?$AAo?$AAw?$AAn?$AA?$DO?$AA?$AA@ 0040ec9c     LIBCMT:crt0msg.obj
 0002:00000ccc       ??_C@_1DE@JNGNBFGO@?$AAR?$AAu?$AAn?$AAt?$AAi?$AAm?$AAe?$AA?5?$AAE?$AAr?$AAr?$AAo?$AAr?$AA?$CB?$AA?6?$AA?6?$AAP?$AAr?$AAo?$AAg?$AAr?$AAa?$AAm?$AA?3?$AA?5?$AA?$AA@ 0040eccc     LIBCMT:crt0msg.obj
 0002:00000d00       ??_C@_0BG@KLEAJEFJ@Illegal?5byte?5sequence?$AA@ 0040ed00     LIBCMT:syserr.obj
 0002:00000d18       ??_C@_0BE@ICMCHPHH@Directory?5not?5empty?$AA@ 0040ed18     LIBCMT:syserr.obj
 0002:00000d2c       ??_C@_0BJ@IHEHINLI@Function?5not?5implemented?$AA@ 0040ed2c     LIBCMT:syserr.obj
 0002:00000d48       ??_C@_0BD@CLHBCGPB@No?5locks?5available?$AA@ 0040ed48     LIBCMT:syserr.obj
 0002:00000d5c       ??_C@_0BC@BEDIHIDK@Filename?5too?5long?$AA@ 0040ed5c     LIBCMT:syserr.obj
 0002:00000d70       ??_C@_0BK@JAEBMJJM@Resource?5deadlock?5avoided?$AA@ 0040ed70     LIBCMT:syserr.obj
 0002:00000d8c       ??_C@_0BB@FCBJFCAJ@Result?5too?5large?$AA@ 0040ed8c     LIBCMT:syserr.obj
 0002:00000da0       ??_C@_0N@MMJPGLJK@Domain?5error?$AA@ 0040eda0     LIBCMT:syserr.obj
 0002:00000db0       ??_C@_0M@LHEPIIOM@Broken?5pipe?$AA@ 0040edb0     LIBCMT:syserr.obj
 0002:00000dbc       ??_C@_0P@PKCJJLLM@Too?5many?5links?$AA@ 0040edbc     LIBCMT:syserr.obj
 0002:00000dcc       ??_C@_0BG@DDBFNKBH@Read?9only?5file?5system?$AA@ 0040edcc     LIBCMT:syserr.obj
 0002:00000de4       ??_C@_0N@FEHLOILP@Invalid?5seek?$AA@ 0040ede4     LIBCMT:syserr.obj
 0002:00000df4       ??_C@_0BI@FEALHKLD@No?5space?5left?5on?5device?$AA@ 0040edf4     LIBCMT:syserr.obj
 0002:00000e0c       ??_C@_0P@LFMMIPAE@File?5too?5large?$AA@ 0040ee0c     LIBCMT:syserr.obj
 0002:00000e1c       ??_C@_0CE@ONOKNLPF@Inappropriate?5I?1O?5control?5operat@ 0040ee1c     LIBCMT:syserr.obj
 0002:00000e40       ??_C@_0BE@INBJMKGG@Too?5many?5open?5files?$AA@ 0040ee40     LIBCMT:syserr.obj
 0002:00000e54       ??_C@_0BO@IIFBODJE@Too?5many?5open?5files?5in?5system?$AA@ 0040ee54     LIBCMT:syserr.obj
 0002:00000e74       ??_C@_0BB@HMGGCEBG@Invalid?5argument?$AA@ 0040ee74     LIBCMT:syserr.obj
 0002:00000e88       ??_C@_0P@NDHGCGKE@Is?5a?5directory?$AA@ 0040ee88     LIBCMT:syserr.obj
 0002:00000e98       ??_C@_0BA@CJBACOOL@Not?5a?5directory?$AA@ 0040ee98     LIBCMT:syserr.obj
 0002:00000ea8       ??_C@_0P@NLEIANHE@No?5such?5device?$AA@ 0040eea8     LIBCMT:syserr.obj
 0002:00000eb8       ??_C@_0O@OAMDNOCP@Improper?5link?$AA@ 0040eeb8     LIBCMT:syserr.obj
 0002:00000ec8       ??_C@_0M@NAAJNNGH@File?5exists?$AA@ 0040eec8     LIBCMT:syserr.obj
 0002:00000ed4       ??_C@_0BA@BIBLIOEK@Resource?5device?$AA@ 0040eed4     LIBCMT:syserr.obj
 0002:00000ee4       ??_C@_0O@NIPGCINC@Unknown?5error?$AA@ 0040eee4     LIBCMT:syserr.obj
 0002:00000ef4       ??_C@_0M@LOEHLCJD@Bad?5address?$AA@ 0040eef4     LIBCMT:syserr.obj
 0002:00000f00       ??_C@_0BC@HFNFNKAI@Permission?5denied?$AA@ 0040ef00     LIBCMT:syserr.obj
 0002:00000f14       ??_C@_0BB@IMDKMPFB@Not?5enough?5space?$AA@ 0040ef14     LIBCMT:syserr.obj
 0002:00000f28       ??_C@_0CB@EPFKGNAK@Resource?5temporarily?5unavailable@ 0040ef28     LIBCMT:syserr.obj
 0002:00000f4c       ??_C@_0BD@LOHELEP@No?5child?5processes?$AA@ 0040ef4c     LIBCMT:syserr.obj
 0002:00000f60       ??_C@_0BE@NFGDDCEF@Bad?5file?5descriptor?$AA@ 0040ef60     LIBCMT:syserr.obj
 0002:00000f74       ??_C@_0BC@HKPNECK@Exec?5format?5error?$AA@ 0040ef74     LIBCMT:syserr.obj
 0002:00000f88       ??_C@_0BC@MFFGCDFL@Arg?5list?5too?5long?$AA@ 0040ef88     LIBCMT:syserr.obj
 0002:00000f9c       ??_C@_0BK@DPKMCKJ@No?5such?5device?5or?5address?$AA@ 0040ef9c     LIBCMT:syserr.obj
 0002:00000fb8       ??_C@_0BD@KKNFOBBD@Input?1output?5error?$AA@ 0040efb8     LIBCMT:syserr.obj
 0002:00000fcc       ??_C@_0BK@FJBOAFDK@Interrupted?5function?5call?$AA@ 0040efcc     LIBCMT:syserr.obj
 0002:00000fe8       ??_C@_0BA@FKIAIBGA@No?5such?5process?$AA@ 0040efe8     LIBCMT:syserr.obj
 0002:00000ff8       ??_C@_0BK@FMDHKPNF@No?5such?5file?5or?5directory?$AA@ 0040eff8     LIBCMT:syserr.obj
 0002:00001014       ??_C@_0BI@BJFCGOHL@Operation?5not?5permitted?$AA@ 0040f014     LIBCMT:syserr.obj
 0002:0000102c       ??_C@_08INEPGKHH@No?5error?$AA@ 0040f02c     LIBCMT:syserr.obj
 0002:00001038       ??_C@_1O@CEDCILHN@?$AA?$CI?$AAn?$AAu?$AAl?$AAl?$AA?$CJ?$AA?$AA@ 0040f038     LIBCMT:output.obj
 0002:00001048       ??_C@_06OJHGLDPL@?$CInull?$CJ?$AA@ 0040f048     LIBCMT:output.obj
 0002:00001050       ___lookuptable             0040f050     LIBCMT:output.obj
 0002:000010ac       __pDestructExceptionObject 0040f0ac     LIBCMT:frame.obj
 0002:000010b4       ??_7bad_exception@std@@6B@ 0040f0b4     LIBCMT:frame.obj
 0002:000010bc       ??_C@_0O@DPKOEFFH@bad?5exception?$AA@ 0040f0bc     LIBCMT:frame.obj
 0002:000010d8       __XcptActTab               0040f0d8     LIBCMT:winxfltr.obj
 0002:00001168       __First_FPE_Indx           0040f168     LIBCMT:winxfltr.obj
 0002:0000116c       __Num_FPE                  0040f16c     LIBCMT:winxfltr.obj
 0002:00001170       __XcptActTabSize           0040f170     LIBCMT:winxfltr.obj
 0002:00001174       __XcptActTabCount          0040f174     LIBCMT:winxfltr.obj
 0002:00001178       ??_C@_1BC@GDGBMEMK@?$AAH?$AAH?$AA?3?$AAm?$AAm?$AA?3?$AAs?$AAs?$AA?$AA@ 0040f178     LIBCMT:nlsdata2.obj
 0002:0000118c       ??_C@_1CI@KNAKOEBC@?$AAd?$AAd?$AAd?$AAd?$AA?0?$AA?5?$AAM?$AAM?$AAM?$AAM?$AA?5?$AAd?$AAd?$AA?0?$AA?5?$AAy?$AAy?$AAy?$AAy?$AA?$AA@ 0040f18c     LIBCMT:nlsdata2.obj
 0002:000011b4       ??_C@_1BC@IEBCMHCM@?$AAM?$AAM?$AA?1?$AAd?$AAd?$AA?1?$AAy?$AAy?$AA?$AA@ 0040f1b4     LIBCMT:nlsdata2.obj
 0002:000011c8       ??_C@_15CLMNNGEL@?$AAP?$AAM?$AA?$AA@ 0040f1c8     LIBCMT:nlsdata2.obj
 0002:000011d0       ??_C@_15ODEHAHHF@?$AAA?$AAM?$AA?$AA@ 0040f1d0     LIBCMT:nlsdata2.obj
 0002:000011d8       ??_C@_1BC@FEMKIFH@?$AAD?$AAe?$AAc?$AAe?$AAm?$AAb?$AAe?$AAr?$AA?$AA@ 0040f1d8     LIBCMT:nlsdata2.obj
 0002:000011ec       ??_C@_1BC@BGLIFPF@?$AAN?$AAo?$AAv?$AAe?$AAm?$AAb?$AAe?$AAr?$AA?$AA@ 0040f1ec     LIBCMT:nlsdata2.obj
 0002:00001200       ??_C@_1BA@EPANDLNG@?$AAO?$AAc?$AAt?$AAo?$AAb?$AAe?$AAr?$AA?$AA@ 0040f200     LIBCMT:nlsdata2.obj
 0002:00001210       ??_C@_1BE@DKAAMBJL@?$AAS?$AAe?$AAp?$AAt?$AAe?$AAm?$AAb?$AAe?$AAr?$AA?$AA@ 0040f210     LIBCMT:nlsdata2.obj
 0002:00001224       ??_C@_1O@PAHLKOAC@?$AAA?$AAu?$AAg?$AAu?$AAs?$AAt?$AA?$AA@ 0040f224     LIBCMT:nlsdata2.obj
 0002:00001234       ??_C@_19BIFMLPCD@?$AAJ?$AAu?$AAl?$AAy?$AA?$AA@ 0040f234     LIBCMT:nlsdata2.obj
 0002:00001240       ??_C@_19EPFLPGAP@?$AAJ?$AAu?$AAn?$AAe?$AA?$AA@ 0040f240     LIBCMT:nlsdata2.obj
 0002:0000124c       ??_C@_1M@GJNLMHFD@?$AAA?$AAp?$AAr?$AAi?$AAl?$AA?$AA@ 0040f24c     LIBCMT:nlsdata2.obj
 0002:00001258       ??_C@_1M@IKEENEDF@?$AAM?$AAa?$AAr?$AAc?$AAh?$AA?$AA@ 0040f258     LIBCMT:nlsdata2.obj
 0002:00001264       ??_C@_1BC@JGDDFFAM@?$AAF?$AAe?$AAb?$AAr?$AAu?$AAa?$AAr?$AAy?$AA?$AA@ 0040f264     LIBCMT:nlsdata2.obj
 0002:00001278       ??_C@_1BA@EFMEIEBA@?$AAJ?$AAa?$AAn?$AAu?$AAa?$AAr?$AAy?$AA?$AA@ 0040f278     LIBCMT:nlsdata2.obj
 0002:00001288       ??_C@_17EGKACKIF@?$AAD?$AAe?$AAc?$AA?$AA@ 0040f288     LIBCMT:nlsdata2.obj
 0002:00001290       ??_C@_17BBDMLCIG@?$AAN?$AAo?$AAv?$AA?$AA@ 0040f290     LIBCMT:nlsdata2.obj
 0002:00001298       ??_C@_17FNLKOI@?$AAO?$AAc?$AAt?$AA?$AA@ 0040f298     LIBCMT:nlsdata2.obj
 0002:000012a0       ??_C@_17HCHCOKMG@?$AAS?$AAe?$AAp?$AA?$AA@ 0040f2a0     LIBCMT:nlsdata2.obj
 0002:000012a8       ??_C@_17ICPELBCN@?$AAA?$AAu?$AAg?$AA?$AA@ 0040f2a8     LIBCMT:nlsdata2.obj
 0002:000012b0       ??_C@_17IJPCKHK@?$AAJ?$AAu?$AAl?$AA?$AA@ 0040f2b0     LIBCMT:nlsdata2.obj
 0002:000012b8       ??_C@_17KCJGOCPB@?$AAJ?$AAu?$AAn?$AA?$AA@ 0040f2b8     LIBCMT:nlsdata2.obj
 0002:000012c0       ??_C@_17PNNKMEED@?$AAM?$AAa?$AAy?$AA?$AA@ 0040f2c0     LIBCMT:nlsdata2.obj
 0002:000012c8       ??_C@_17LFPOIHDD@?$AAA?$AAp?$AAr?$AA?$AA@ 0040f2c8     LIBCMT:nlsdata2.obj
 0002:000012d0       ??_C@_17CKNLEDEC@?$AAM?$AAa?$AAr?$AA?$AA@ 0040f2d0     LIBCMT:nlsdata2.obj
 0002:000012d8       ??_C@_17LMDJEKJN@?$AAF?$AAe?$AAb?$AA?$AA@ 0040f2d8     LIBCMT:nlsdata2.obj
 0002:000012e0       ??_C@_17DKNBKCHM@?$AAJ?$AAa?$AAn?$AA?$AA@ 0040f2e0     LIBCMT:nlsdata2.obj
 0002:000012e8       ??_C@_1BC@ENMNNPAJ@?$AAS?$AAa?$AAt?$AAu?$AAr?$AAd?$AAa?$AAy?$AA?$AA@ 0040f2e8     LIBCMT:nlsdata2.obj
 0002:000012fc       ??_C@_1O@PDICJHAG@?$AAF?$AAr?$AAi?$AAd?$AAa?$AAy?$AA?$AA@ 0040f2fc     LIBCMT:nlsdata2.obj
 0002:0000130c       ??_C@_1BC@HHMNLIHE@?$AAT?$AAh?$AAu?$AAr?$AAs?$AAd?$AAa?$AAy?$AA?$AA@ 0040f30c     LIBCMT:nlsdata2.obj
 0002:00001320       ??_C@_1BE@EBOGMDOH@?$AAW?$AAe?$AAd?$AAn?$AAe?$AAs?$AAd?$AAa?$AAy?$AA?$AA@ 0040f320     LIBCMT:nlsdata2.obj
 0002:00001334       ??_C@_1BA@ENFBFFEK@?$AAT?$AAu?$AAe?$AAs?$AAd?$AAa?$AAy?$AA?$AA@ 0040f334     LIBCMT:nlsdata2.obj
 0002:00001344       ??_C@_1O@MMNBFLIA@?$AAM?$AAo?$AAn?$AAd?$AAa?$AAy?$AA?$AA@ 0040f344     LIBCMT:nlsdata2.obj
 0002:00001354       ??_C@_1O@IHNHDHPB@?$AAS?$AAu?$AAn?$AAd?$AAa?$AAy?$AA?$AA@ 0040f354     LIBCMT:nlsdata2.obj
 0002:00001364       ??_C@_17GGIBDPIH@?$AAS?$AAa?$AAt?$AA?$AA@ 0040f364     LIBCMT:nlsdata2.obj
 0002:0000136c       ??_C@_17HFOLPPLP@?$AAF?$AAr?$AAi?$AA?$AA@ 0040f36c     LIBCMT:nlsdata2.obj
 0002:00001374       ??_C@_17PDPHAADD@?$AAT?$AAh?$AAu?$AA?$AA@ 0040f374     LIBCMT:nlsdata2.obj
 0002:0000137c       ??_C@_17CJEDCEPE@?$AAW?$AAe?$AAd?$AA?$AA@ 0040f37c     LIBCMT:nlsdata2.obj
 0002:00001384       ??_C@_17BMKGEGOJ@?$AAT?$AAu?$AAe?$AA?$AA@ 0040f384     LIBCMT:nlsdata2.obj
 0002:0000138c       ??_C@_17KBOMKBF@?$AAM?$AAo?$AAn?$AA?$AA@ 0040f38c     LIBCMT:nlsdata2.obj
 0002:00001394       ??_C@_17MBGCMIPB@?$AAS?$AAu?$AAn?$AA?$AA@ 0040f394     LIBCMT:nlsdata2.obj
 0002:0000139c       ??_C@_08JCCMCCIL@HH?3mm?3ss?$AA@ 0040f39c     LIBCMT:nlsdata2.obj
 0002:000013a8       ??_C@_0BE@CKGJFCPC@dddd?0?5MMMM?5dd?0?5yyyy?$AA@ 0040f3a8     LIBCMT:nlsdata2.obj
 0002:000013bc       ??_C@_08BPBNCDIB@MM?1dd?1yy?$AA@ 0040f3bc     LIBCMT:nlsdata2.obj
 0002:000013c8       ??_C@_02CJNFDJBF@PM?$AA@   0040f3c8     LIBCMT:nlsdata2.obj
 0002:000013cc       ??_C@_02DEDBPAFC@AM?$AA@   0040f3cc     LIBCMT:nlsdata2.obj
 0002:000013d0       ??_C@_08EDHMEBNP@December?$AA@ 0040f3d0     LIBCMT:nlsdata2.obj
 0002:000013dc       ??_C@_08HCHEGEOA@November?$AA@ 0040f3dc     LIBCMT:nlsdata2.obj
 0002:000013e8       ??_C@_07JJNFCEND@October?$AA@ 0040f3e8     LIBCMT:nlsdata2.obj
 0002:000013f0       ??_C@_09BHHEALKD@September?$AA@ 0040f3f0     LIBCMT:nlsdata2.obj
 0002:000013fc       ??_C@_06LBBHFDDG@August?$AA@ 0040f3fc     LIBCMT:nlsdata2.obj
 0002:00001404       ??_C@_04MIEPOIFP@July?$AA@ 0040f404     LIBCMT:nlsdata2.obj
 0002:0000140c       ??_C@_04CNLMGBGM@June?$AA@ 0040f40c     LIBCMT:nlsdata2.obj
 0002:00001414       ??_C@_05DMJDNLEJ@April?$AA@ 0040f414     LIBCMT:nlsdata2.obj
 0002:0000141c       ??_C@_05HPCKOFNC@March?$AA@ 0040f41c     LIBCMT:nlsdata2.obj
 0002:00001424       ??_C@_08GNJGEPFN@February?$AA@ 0040f424     LIBCMT:nlsdata2.obj
 0002:00001430       ??_C@_07CGJPFGJA@January?$AA@ 0040f430     LIBCMT:nlsdata2.obj
 0002:00001438       ??_C@_03MKABNOCG@Dec?$AA@  0040f438     LIBCMT:nlsdata2.obj
 0002:0000143c       ??_C@_03JPJOFNIA@Nov?$AA@  0040f43c     LIBCMT:nlsdata2.obj
 0002:00001440       ??_C@_03BMAOKBAD@Oct?$AA@  0040f440     LIBCMT:nlsdata2.obj
 0002:00001444       ??_C@_03GGCAPAJC@Sep?$AA@  0040f444     LIBCMT:nlsdata2.obj
 0002:00001448       ??_C@_03IFJFEIGA@Aug?$AA@  0040f448     LIBCMT:nlsdata2.obj
 0002:0000144c       ??_C@_03LBGABGKK@Jul?$AA@  0040f44c     LIBCMT:nlsdata2.obj
 0002:00001450       ??_C@_03IDFGHECI@Jun?$AA@  0040f450     LIBCMT:nlsdata2.obj
 0002:00001454       ??_C@_03CNMDKL@May?$AA@    0040f454     LIBCMT:nlsdata2.obj
 0002:00001458       ??_C@_03LEOLGMJP@Apr?$AA@  0040f458     LIBCMT:nlsdata2.obj
 0002:0000145c       ??_C@_03ODNJBKGA@Mar?$AA@  0040f45c     LIBCMT:nlsdata2.obj
 0002:00001460       ??_C@_03HJBDCHOM@Feb?$AA@  0040f460     LIBCMT:nlsdata2.obj
 0002:00001464       ??_C@_03JIHJHPIE@Jan?$AA@  0040f464     LIBCMT:nlsdata2.obj
 0002:00001468       ??_C@_08INBOOONO@Saturday?$AA@ 0040f468     LIBCMT:nlsdata2.obj
 0002:00001474       ??_C@_06JECMNKMI@Friday?$AA@ 0040f474     LIBCMT:nlsdata2.obj
 0002:0000147c       ??_C@_08HACCIKIA@Thursday?$AA@ 0040f47c     LIBCMT:nlsdata2.obj
 0002:00001488       ??_C@_09DLIGFAKA@Wednesday?$AA@ 0040f488     LIBCMT:nlsdata2.obj
 0002:00001494       ??_C@_07BAAGCFCM@Tuesday?$AA@ 0040f494     LIBCMT:nlsdata2.obj
 0002:0000149c       ??_C@_06JLEDEDGH@Monday?$AA@ 0040f49c     LIBCMT:nlsdata2.obj
 0002:000014a4       ??_C@_06OOPIFAJ@Sunday?$AA@ 0040f4a4     LIBCMT:nlsdata2.obj
 0002:000014ac       ??_C@_03FEFJNEK@Sat?$AA@   0040f4ac     LIBCMT:nlsdata2.obj
 0002:000014b0       ??_C@_03IDIOELNC@Fri?$AA@  0040f4b0     LIBCMT:nlsdata2.obj
 0002:000014b4       ??_C@_03IOFIKPDN@Thu?$AA@  0040f4b4     LIBCMT:nlsdata2.obj
 0002:000014b8       ??_C@_03MHOMLAJA@Wed?$AA@  0040f4b8     LIBCMT:nlsdata2.obj
 0002:000014bc       ??_C@_03NAGEINEP@Tue?$AA@  0040f4bc     LIBCMT:nlsdata2.obj
 0002:000014c0       ??_C@_03PDAGKDH@Mon?$AA@   0040f4c0     LIBCMT:nlsdata2.obj
 0002:000014c4       ??_C@_03KOEHGMDN@Sun?$AA@  0040f4c4     LIBCMT:nlsdata2.obj
 0002:000014c8       ??_C@_0BI@DFKBFLJE@GetProcessWindowStation?$AA@ 0040f4c8     LIBCMT:crtmboxw.obj
 0002:000014e0       ??_C@_0BK@DEKFELLI@GetUserObjectInformationW?$AA@ 0040f4e0     LIBCMT:crtmboxw.obj
 0002:000014fc       ??_C@_0BD@HHGDFDBJ@GetLastActivePopup?$AA@ 0040f4fc     LIBCMT:crtmboxw.obj
 0002:00001510       ??_C@_0BA@HNOPNCHB@GetActiveWindow?$AA@ 0040f510     LIBCMT:crtmboxw.obj
 0002:00001520       ??_C@_0M@DLDCCGNP@MessageBoxW?$AA@ 0040f520     LIBCMT:crtmboxw.obj
 0002:0000152c       ??_C@_1BG@GOEBHBDC@?$AAU?$AAS?$AAE?$AAR?$AA3?$AA2?$AA?4?$AAD?$AAL?$AAL?$AA?$AA@ 0040f52c     LIBCMT:crtmboxw.obj
 0002:00001548       ___lookuptable_s           0040f548     LIBCMT:outputs.obj
 0002:000015a4       ??_C@_0BK@CFCOFLF@?5Complete?5Object?5Locator?8?$AA@ 0040f5a4     LIBCMT:undname.obj
 0002:000015c0       ??_C@_0BN@MECKDCOJ@?5Class?5Hierarchy?5Descriptor?8?$AA@ 0040f5c0     LIBCMT:undname.obj
 0002:000015e0       ??_C@_0BD@LGICGFMM@?5Base?5Class?5Array?8?$AA@ 0040f5e0     LIBCMT:undname.obj
 0002:000015f4       ??_C@_0BM@LDKODKLH@?5Base?5Class?5Descriptor?5at?5?$CI?$AA@ 0040f5f4     LIBCMT:undname.obj
 0002:00001610       ??_C@_0BC@DAFEJGAK@?5Type?5Descriptor?8?$AA@ 0040f610     LIBCMT:undname.obj
 0002:00001624       ??_C@_0BM@PMGGMLDN@?$GAlocal?5static?5thread?5guard?8?$AA@ 0040f624     LIBCMT:undname.obj
 0002:00001640       ??_C@_0CL@FGIJHLCE@?$GAmanaged?5vector?5copy?5constructor@ 0040f640     LIBCMT:undname.obj
 0002:0000166c       ??_C@_0CJ@GJELGAMM@?$GAvector?5vbase?5copy?5constructor?5i@ 0040f66c     LIBCMT:undname.obj
 0002:00001698       ??_C@_0CD@CGAJBKEJ@?$GAvector?5copy?5constructor?5iterato@ 0040f698     LIBCMT:undname.obj
 0002:000016bc       ??_C@_0CB@PDBIFEP@?$GAdynamic?5atexit?5destructor?5for?5?8@ 0040f6bc     LIBCMT:undname.obj
 0002:000016e0       ??_C@_0BL@CLIPGLGB@?$GAdynamic?5initializer?5for?5?8?$AA@ 0040f6e0     LIBCMT:undname.obj
 0002:000016fc       ??_C@_0CM@FCBBDIGB@?$GAeh?5vector?5vbase?5copy?5constructo@ 0040f6fc     LIBCMT:undname.obj
 0002:00001728       ??_C@_0CG@HLDDJMAG@?$GAeh?5vector?5copy?5constructor?5iter@ 0040f728     LIBCMT:undname.obj
 0002:00001750       ??_C@_0CF@IMGKMJNO@?$GAmanaged?5vector?5destructor?5itera@ 0040f750     LIBCMT:undname.obj
 0002:00001778       ??_C@_0CG@CFDHKGGD@?$GAmanaged?5vector?5constructor?5iter@ 0040f778     LIBCMT:undname.obj
 0002:000017a0       ??_C@_0BN@CKNJLHMB@?$GAplacement?5delete?$FL?$FN?5closure?8?$AA@ 0040f7a0     LIBCMT:undname.obj
 0002:000017c0       ??_C@_0BL@CNOONJFP@?$GAplacement?5delete?5closure?8?$AA@ 0040f7c0     LIBCMT:undname.obj
 0002:000017dc       ??_C@_0P@HJKNJFNN@?$GAomni?5callsig?8?$AA@ 0040f7dc     LIBCMT:undname.obj
 0002:000017ec       ??_C@_09LBNFPBCA@?5delete?$FL?$FN?$AA@ 0040f7ec     LIBCMT:undname.obj
 0002:000017f8       ??_C@_06FHBGPFGH@?5new?$FL?$FN?$AA@ 0040f7f8     LIBCMT:undname.obj
 0002:00001800       ??_C@_0CE@IIHCMGGL@?$GAlocal?5vftable?5constructor?5closu@ 0040f800     LIBCMT:undname.obj
 0002:00001824       ??_C@_0BA@KKLDJDLB@?$GAlocal?5vftable?8?$AA@ 0040f824     LIBCMT:undname.obj
 0002:00001834       ??_C@_05KHLCHHI@?$GARTTI?$AA@ 0040f834     LIBCMT:undname.obj
 0002:0000183c       ??_C@_03KLGMFNMG@?$GAEH?$AA@ 0040f83c     LIBCMT:undname.obj
 0002:00001840       ??_C@_0BA@KBCDOMBN@?$GAudt?5returning?8?$AA@ 0040f840     LIBCMT:undname.obj
 0002:00001850       ??_C@_0BL@LLKPOHJI@?$GAcopy?5constructor?5closure?8?$AA@ 0040f850     LIBCMT:undname.obj
 0002:0000186c       ??_C@_0CH@OOJPLCPH@?$GAeh?5vector?5vbase?5constructor?5ite@ 0040f86c     LIBCMT:undname.obj
 0002:00001894       ??_C@_0CA@GCEOPDGL@?$GAeh?5vector?5destructor?5iterator?8?$AA@ 0040f894     LIBCMT:undname.obj
 0002:000018b4       ??_C@_0CB@JONCMFFK@?$GAeh?5vector?5constructor?5iterator?8@ 0040f8b4     LIBCMT:undname.obj
 0002:000018d8       ??_C@_0BL@NILFHHPC@?$GAvirtual?5displacement?5map?8?$AA@ 0040f8d8     LIBCMT:undname.obj
 0002:000018f4       ??_C@_0CE@IKBNEHA@?$GAvector?5vbase?5constructor?5iterat@ 0040f8f4     LIBCMT:undname.obj
 0002:00001918       ??_C@_0BN@LFPFMEDL@?$GAvector?5destructor?5iterator?8?$AA@ 0040f918     LIBCMT:undname.obj
 0002:00001938       ??_C@_0BO@PFGOCPJJ@?$GAvector?5constructor?5iterator?8?$AA@ 0040f938     LIBCMT:undname.obj
 0002:00001958       ??_C@_0BN@IMDCHIKM@?$GAscalar?5deleting?5destructor?8?$AA@ 0040f958     LIBCMT:undname.obj
 0002:00001978       ??_C@_0BO@OBMKPJIG@?$GAdefault?5constructor?5closure?8?$AA@ 0040f978     LIBCMT:undname.obj
 0002:00001998       ??_C@_0BN@DEGPLNFK@?$GAvector?5deleting?5destructor?8?$AA@ 0040f998     LIBCMT:undname.obj
 0002:000019b8       ??_C@_0BD@JDLKDPAB@?$GAvbase?5destructor?8?$AA@ 0040f9b8     LIBCMT:undname.obj
 0002:000019cc       ??_C@_08OBABFOLI@?$GAstring?8?$AA@ 0040f9cc     LIBCMT:undname.obj
 0002:000019d8       ??_C@_0BF@KDPPACIK@?$GAlocal?5static?5guard?8?$AA@ 0040f9d8     LIBCMT:undname.obj
 0002:000019f0       ??_C@_08LLFFHHDJ@?$GAtypeof?8?$AA@ 0040f9f0     LIBCMT:undname.obj
 0002:000019fc       ??_C@_07FEEIOKP@?$GAvcall?8?$AA@ 0040f9fc     LIBCMT:undname.obj
 0002:00001a04       ??_C@_09BLBHBJP@?$GAvbtable?8?$AA@ 0040fa04     LIBCMT:undname.obj
 0002:00001a10       ??_C@_09IFPLHPGF@?$GAvftable?8?$AA@ 0040fa10     LIBCMT:undname.obj
 0002:00001a1c       ??_C@_02MHEGNOJ@?$FO?$DN?$AA@ 0040fa1c     LIBCMT:undname.obj
 0002:00001a20       ??_C@_02DHLNPPGH@?$HM?$DN?$AA@ 0040fa20     LIBCMT:undname.obj
 0002:00001a24       ??_C@_02FGJGFEAB@?$CG?$DN?$AA@ 0040fa24     LIBCMT:undname.obj
 0002:00001a28       ??_C@_03CDNPDDLA@?$DM?$DM?$DN?$AA@ 0040fa28     LIBCMT:undname.obj
 0002:00001a2c       ??_C@_03IKFCCPFF@?$DO?$DO?$DN?$AA@ 0040fa2c     LIBCMT:undname.obj
 0002:00001a30       ??_C@_02FENAOKFI@?$CF?$DN?$AA@ 0040fa30     LIBCMT:undname.obj
 0002:00001a34       ??_C@_02FJEHGPIO@?1?$DN?$AA@ 0040fa34     LIBCMT:undname.obj
 0002:00001a38       ??_C@_02FKMDLLOA@?9?$DN?$AA@ 0040fa38     LIBCMT:undname.obj
 0002:00001a3c       ??_C@_02FOEOMHFC@?$CL?$DN?$AA@ 0040fa3c     LIBCMT:undname.obj
 0002:00001a40       ??_C@_02FPIMKNGF@?$CK?$DN?$AA@ 0040fa40     LIBCMT:undname.obj
 0002:00001a44       ??_C@_02NONPIBCD@?$HM?$HM?$AA@ 0040fa44     LIBCMT:undname.obj
 0002:00001a48       ??_C@_02PPKAJPJL@?$CG?$CG?$AA@ 0040fa48     LIBCMT:undname.obj
 0002:00001a4c       ??_C@_01DNKMNLPK@?$HM?$AA@ 0040fa4c     LIBCMT:undname.obj
 0002:00001a50       ??_C@_01JKBOJNNK@?$FO?$AA@ 0040fa50     LIBCMT:undname.obj
 0002:00001a54       ??_C@_01PJKLJHI@?$HO?$AA@  0040fa54     LIBCMT:undname.obj
 0002:00001a58       ??_C@_02HCKGKOFO@?$CI?$CJ?$AA@ 0040fa58     LIBCMT:undname.obj
 0002:00001a5c       ??_C@_01IHBHIGKO@?0?$AA@   0040fa5c     LIBCMT:undname.obj
 0002:00001a60       ??_C@_02EEKDKGMJ@?$DO?$DN?$AA@ 0040fa60     LIBCMT:undname.obj
 0002:00001a64       ??_C@_01PPODPGHN@?$DO?$AA@ 0040fa64     LIBCMT:undname.obj
 0002:00001a68       ??_C@_02EHCHHCKH@?$DM?$DN?$AA@ 0040fa68     LIBCMT:undname.obj
 0002:00001a6c       ??_C@_01MNNFJEPP@?$DM?$AA@ 0040fa6c     LIBCMT:undname.obj
 0002:00001a70       ??_C@_01FGNFDNOH@?$CF?$AA@ 0040fa70     LIBCMT:undname.obj
 0002:00001a74       ??_C@_01KMDKNFGN@?1?$AA@   0040fa74     LIBCMT:undname.obj
 0002:00001a78       ??_C@_03MNHNFDLC@?9?$DO?$CK?$AA@ 0040fa78     LIBCMT:undname.obj
 0002:00001a7c       ??_C@_01HNPIGOCE@?$CG?$AA@ 0040fa7c     LIBCMT:undname.obj
 0002:00001a80       ??_C@_01MIFGBAGJ@?$CL?$AA@ 0040fa80     LIBCMT:undname.obj
 0002:00001a84       ??_C@_01JOAMLHOP@?9?$AA@   0040fa84     LIBCMT:undname.obj
 0002:00001a88       ??_C@_02BAABKJLB@?9?9?$AA@ 0040fa88     LIBCMT:undname.obj
 0002:00001a8c       ??_C@_02ECNGHCIF@?$CL?$CL?$AA@ 0040fa8c     LIBCMT:undname.obj
 0002:00001a90       ??_C@_01NBENCBCI@?$CK?$AA@ 0040fa90     LIBCMT:undname.obj
 0002:00001a94       ??_C@_02HBOOOICD@?9?$DO?$AA@ 0040fa94     LIBCMT:undname.obj
 0002:00001a98       ??_C@_08LHJFAFGD@operator?$AA@ 0040fa98     LIBCMT:undname.obj
 0002:00001aa4       ??_C@_02GPECMEKF@?$FL?$FN?$AA@ 0040faa4     LIBCMT:undname.obj
 0002:00001aa8       ??_C@_02FDNJECIE@?$CB?$DN?$AA@ 0040faa8     LIBCMT:undname.obj
 0002:00001aac       ??_C@_02EGOFBIJA@?$DN?$DN?$AA@ 0040faac     LIBCMT:undname.obj
 0002:00001ab0       ??_C@_01DCLJPIOD@?$CB?$AA@ 0040fab0     LIBCMT:undname.obj
 0002:00001ab4       ??_C@_02FODMEDOG@?$DM?$DM?$AA@ 0040fab4     LIBCMT:undname.obj
 0002:00001ab8       ??_C@_02GPIOPFAK@?$DO?$DO?$AA@ 0040fab8     LIBCMT:undname.obj
 0002:00001abc       ??_C@_01NEMOKFLO@?$DN?$AA@ 0040fabc     LIBCMT:undname.obj
 0002:00001ac0       ??_C@_07FPCDHGMM@?5delete?$AA@ 0040fac0     LIBCMT:undname.obj
 0002:00001ac8       ??_C@_04NIHEBCM@?5new?$AA@ 0040fac8     LIBCMT:undname.obj
 0002:00001acd       ??_C@_00CNPNBAHC@?$AA@     0040facd     LIBCMT:undname.obj
 0002:00001ad0       ??_C@_0M@GFIIJFMG@__unaligned?$AA@ 0040fad0     LIBCMT:undname.obj
 0002:00001adc       ??_C@_0L@PILCLIHE@__restrict?$AA@ 0040fadc     LIBCMT:undname.obj
 0002:00001ae8       ??_C@_07JOMMBBKO@__ptr64?$AA@ 0040fae8     LIBCMT:undname.obj
 0002:00001af0       ??_C@_06GHPCKEAG@__eabi?$AA@ 0040faf0     LIBCMT:undname.obj
 0002:00001af8       ??_C@_09HIJEGCPM@__clrcall?$AA@ 0040faf8     LIBCMT:undname.obj
 0002:00001b04       ??_C@_0L@JMKHOMEK@__fastcall?$AA@ 0040fb04     LIBCMT:undname.obj
 0002:00001b10       ??_C@_0L@NPHFGOKO@__thiscall?$AA@ 0040fb10     LIBCMT:undname.obj
 0002:00001b1c       ??_C@_09IFJBGAPI@__stdcall?$AA@ 0040fb1c     LIBCMT:undname.obj
 0002:00001b28       ??_C@_08GHMPAG@__pascal?$AA@ 0040fb28     LIBCMT:undname.obj
 0002:00001b34       ??_C@_07KOLFKCDI@__cdecl?$AA@ 0040fb34     LIBCMT:undname.obj
 0002:00001b3c       ??_C@_08EHJDFFNH@__based?$CI?$AA@ 0040fb3c     LIBCMT:undname.obj
 0002:00001cd0       ___newctype                0040fcd0     LIBCMT:ctype.obj
 0002:00001fd0       __wctype                   0040ffd0     LIBCMT:ctype.obj
 0002:000021d8       ___newclmap                004101d8     LIBCMT:ctype.obj
 0002:00002358       ___newcumap                00410358     LIBCMT:ctype.obj
 0002:000024d8       ??_C@_1BA@BALFACEM@?$AAC?$AAO?$AAN?$AAO?$AAU?$AAT?$AA$?$AA?$AA@ 004104d8     LIBCMT:initcon.obj
 0002:00002568       __load_config_used         00410568     LIBCMT:loadcfg.obj
 0002:000025b0       ??_R4bad_alloc@std@@6B@    004105b0     mpirun.obj
 0002:000025c4       ??_R3bad_alloc@std@@8      004105c4     mpirun.obj
 0002:000025d4       ??_R2bad_alloc@std@@8      004105d4     mpirun.obj
 0002:000025e0       ??_R1A@?0A@EA@bad_alloc@std@@8 004105e0     mpirun.obj
 0002:000025fc       ??_R1A@?0A@EA@exception@std@@8 004105fc     mpirun.obj
 0002:00002618       ??_R3exception@std@@8      00410618     mpirun.obj
 0002:00002628       ??_R2exception@std@@8      00410628     mpirun.obj
 0002:00002630       ??_R4logic_error@std@@6B@  00410630     libcpmt:xthrow.obj
 0002:00002644       ??_R3logic_error@std@@8    00410644     libcpmt:xthrow.obj
 0002:00002654       ??_R2logic_error@std@@8    00410654     libcpmt:xthrow.obj
 0002:00002660       ??_R1A@?0A@EA@logic_error@std@@8 00410660     libcpmt:xthrow.obj
 0002:0000267c       ??_R4length_error@std@@6B@ 0041067c     libcpmt:xthrow.obj
 0002:00002690       ??_R3length_error@std@@8   00410690     libcpmt:xthrow.obj
 0002:000026a0       ??_R2length_error@std@@8   004106a0     libcpmt:xthrow.obj
 0002:000026b0       ??_R1A@?0A@EA@length_error@std@@8 004106b0     libcpmt:xthrow.obj
 0002:000026cc       ??_R4out_of_range@std@@6B@ 004106cc     libcpmt:xthrow.obj
 0002:000026e0       ??_R3out_of_range@std@@8   004106e0     libcpmt:xthrow.obj
 0002:000026f0       ??_R2out_of_range@std@@8   004106f0     libcpmt:xthrow.obj
 0002:00002700       ??_R1A@?0A@EA@out_of_range@std@@8 00410700     libcpmt:xthrow.obj
 0002:0000271c       ??_R4type_info@@6B@        0041071c     LIBCMT:typinfo.obj
 0002:00002730       ??_R3type_info@@8          00410730     LIBCMT:typinfo.obj
 0002:00002740       ??_R2type_info@@8          00410740     LIBCMT:typinfo.obj
 0002:00002748       ??_R1A@?0A@EA@type_info@@8 00410748     LIBCMT:typinfo.obj
 0002:00002764       ??_R4exception@std@@6B@    00410764     LIBCMT:stdexcpt.obj
 0002:00002778       ??_R4bad_exception@std@@6B@ 00410778     LIBCMT:frame.obj
 0002:0000278c       ??_R3bad_exception@std@@8  0041078c     LIBCMT:frame.obj
 0002:0000279c       ??_R2bad_exception@std@@8  0041079c     LIBCMT:frame.obj
 0002:000027a8       ??_R1A@?0A@EA@bad_exception@std@@8 004107a8     LIBCMT:frame.obj
 0002:000027d0       ___safe_se_handler_table   004107d0     <linker-defined>
 0002:00002804       ___rtc_iaa                 00410804     LIBCMT:_initsect_.obj
 0002:00002808       ___rtc_izz                 00410808     LIBCMT:_initsect_.obj
 0002:0000280c       ___rtc_taa                 0041080c     LIBCMT:_initsect_.obj
 0002:00002810       ___rtc_tzz                 00410810     LIBCMT:_initsect_.obj
 0002:00002964       __TI2?AVbad_alloc@std@@    00410964     mpirun.obj
 0002:00002974       __CTA2?AVbad_alloc@std@@   00410974     mpirun.obj
 0002:00002980       __CT??_R0?AVbad_alloc@std@@@8??0bad_alloc@std@@QAE@ABV01@@Z12 00410980     mpirun.obj
 0002:0000299c       __CT??_R0?AVexception@std@@@8??0exception@std@@QAE@ABV01@@Z12 0041099c     mpirun.obj
 0002:00002a3c       __CT??_R0?AVlogic_error@std@@@8??0logic_error@std@@QAE@ABV01@@Z12 00410a3c     libcpmt:xthrow.obj
 0002:00002a58       __TI3?AVlength_error@std@@ 00410a58     libcpmt:xthrow.obj
 0002:00002a68       __CTA3?AVlength_error@std@@ 00410a68     libcpmt:xthrow.obj
 0002:00002a78       __CT??_R0?AVlength_error@std@@@8??0length_error@std@@QAE@ABV01@@Z12 00410a78     libcpmt:xthrow.obj
 0002:00002a94       __TI3?AVout_of_range@std@@ 00410a94     libcpmt:xthrow.obj
 0002:00002aa4       __CTA3?AVout_of_range@std@@ 00410aa4     libcpmt:xthrow.obj
 0002:00002ab4       __CT??_R0?AVout_of_range@std@@@8??0out_of_range@std@@QAE@ABV01@@Z12 00410ab4     libcpmt:xthrow.obj
 0002:00002e2c       __TI2?AVbad_exception@std@@ 00410e2c     LIBCMT:frame.obj
 0002:00002e3c       __CTA2?AVbad_exception@std@@ 00410e3c     LIBCMT:frame.obj
 0002:00002e48       __CT??_R0?AVbad_exception@std@@@8??0bad_exception@std@@QAE@ABV01@@Z12 00410e48     LIBCMT:frame.obj
 0002:00002f64       __IMPORT_DESCRIPTOR_KERNEL32 00410f64     kernel32:KERNEL32.dll
 0002:00002f78       __NULL_IMPORT_DESCRIPTOR   00410f78     kernel32:KERNEL32.dll
 0003:00000000       ??_R0?AVbad_alloc@std@@@8  00412000     mpirun.obj
 0003:0000001c       ??_R0?AVexception@std@@@8  0041201c     mpirun.obj
 0003:00000038       ??_R0?AVlogic_error@std@@@8 00412038     libcpmt:xthrow.obj
 0003:00000058       ??_R0?AVlength_error@std@@@8 00412058     libcpmt:xthrow.obj
 0003:00000078       ??_R0?AVout_of_range@std@@@8 00412078     libcpmt:xthrow.obj
 0003:000000a0       __iob                      004120a0     LIBCMT:_file.obj
 0003:00000320       ___security_cookie         00412320     LIBCMT:gs_cookie.obj
 0003:00000324       ___security_cookie_complement 00412324     LIBCMT:gs_cookie.obj
 0003:00000330       ??_R0?AVtype_info@@@8      00412330     LIBCMT:typinfo.obj
 0003:00000348       ___app_type                00412348     LIBCMT:crt0.obj
 0003:00000470       ___flsindex                00412470     LIBCMT:tidtable.obj
 0003:00000474       ___getvalueindex           00412474     LIBCMT:tidtable.obj
 0003:000005e8       __cfltcvt_tab              004125e8     LIBCMT:cmiscdat.obj
 0003:00000610       __sys_errlist              00412610     LIBCMT:syserr.obj
 0003:000006c0       __sys_nerr                 004126c0     LIBCMT:syserr.obj
 0003:000006c4       ___nullstring              004126c4     LIBCMT:output.obj
 0003:000006c8       ___wnullstring             004126c8     LIBCMT:output.obj
 0003:000006d0       ___badioinfo               004126d0     LIBCMT:ioinit.obj
 0003:00000710       ??_R0?AVbad_exception@std@@@8 00412710     LIBCMT:frame.obj
 0003:00000730       ___abort_behavior          00412730     LIBCMT:abort.obj
 0003:00000734       ___clocalestr              00412734     LIBCMT:nlsdata2.obj
 0003:00000738       ___lc_time_c               00412738     LIBCMT:nlsdata2.obj
 0003:000008a0       ___initiallocinfo          004128a0     LIBCMT:nlsdata2.obj
 0003:00000978       ___ptlocinfo               00412978     LIBCMT:nlsdata2.obj
 0003:00000980       ___initialmbcinfo          00412980     LIBCMT:mbctype.obj
 0003:00000ba0       __mbctype                  00412ba0     LIBCMT:mbctype.obj
 0003:00000ca8       __mbcasemap                00412ca8     LIBCMT:mbctype.obj
 0003:00000da8       ___ptmbcinfo               00412da8     LIBCMT:mbctype.obj
 0003:00000ea0       ___globallocalestatus      00412ea0     LIBCMT:glstatus.obj
 0003:00000eb0       __NLG_Destination          00412eb0     LIBCMT:exsup.obj
 0003:00000ec0       ___lconv_static_decimal    00412ec0     LIBCMT:lconv.obj
 0003:00000ec4       ___lconv_static_W_decimal  00412ec4     LIBCMT:lconv.obj
 0003:00000ec8       ___lconv_c                 00412ec8     LIBCMT:lconv.obj
 0003:00000f18       ___lconv                   00412f18     LIBCMT:lconv.obj
 0003:00000f1c       __pctype                   00412f1c     LIBCMT:ctype.obj
 0003:00000f20       __pwctype                  00412f20     LIBCMT:ctype.obj
 0003:00000f24       __confh                    00412f24     LIBCMT:initcon.obj
 0003:00000f30       __lookuptrailbytes         00412f30     LIBCMT:read.obj
 0003:00001030       ___mb_cur_max              00413030     LIBCMT:nlsdata1.obj
 0003:00001034       ___decimal_point           00413034     LIBCMT:nlsdata1.obj
 0003:00001038       ___decimal_point_length    00413038     LIBCMT:nlsdata1.obj
 0003:00001040       ?v@@3V?$vector@PAXV?$allocator@PAX@std@@@std@@A 00413040     mpirun.obj
 0003:00001050       __umaskval                 00413050     LIBCMT:crt0dat.obj
 0003:00001054       ___argc                    00413054     LIBCMT:crt0dat.obj
 0003:00001058       ___argv                    00413058     LIBCMT:crt0dat.obj
 0003:0000105c       ___wargv                   0041305c     LIBCMT:crt0dat.obj
 0003:00001060       __environ                  00413060     LIBCMT:crt0dat.obj
 0003:00001064       ___initenv                 00413064     LIBCMT:crt0dat.obj
 0003:00001068       __wenviron                 00413068     LIBCMT:crt0dat.obj
 0003:0000106c       ___winitenv                0041306c     LIBCMT:crt0dat.obj
 0003:00001070       __pgmptr                   00413070     LIBCMT:crt0dat.obj
 0003:00001074       __wpgmptr                  00413074     LIBCMT:crt0dat.obj
 0003:00001078       __exitflag                 00413078     LIBCMT:crt0dat.obj
 0003:0000107c       __C_Termination_Done       0041307c     LIBCMT:crt0dat.obj
 0003:00001080       __C_Exit_Done              00413080     LIBCMT:crt0dat.obj
 0003:00001084       __cflush                   00413084     LIBCMT:_file.obj
 0003:00001098       __aenvptr                  00413098     LIBCMT:crt0.obj
 0003:0000109c       __wenvptr                  0041309c     LIBCMT:crt0.obj
 0003:000010a0       ___error_mode              004130a0     LIBCMT:crt0.obj
 0003:000011f8       ?__pInconsistency@@3P6AXXZA 004131f8     LIBCMT:hooks.obj
 0003:00001214       ___pPurecall               00413214     LIBCMT:inithelp.obj
 0003:00001218       ___pInvalidArgHandler      00413218     LIBCMT:invarg.obj
 0003:0000121c       ?_pnhHeap@@3P6AHI@ZA       0041321c     LIBCMT:handler.obj
 0003:00001220       _gpFlsAlloc                00413220     LIBCMT:tidtable.obj
 0003:00001224       _gpFlsGetValue             00413224     LIBCMT:tidtable.obj
 0003:00001228       _gpFlsSetValue             00413228     LIBCMT:tidtable.obj
 0003:0000122c       _gpFlsFree                 0041322c     LIBCMT:tidtable.obj
 0003:00001858       __stdbuf                   00413858     LIBCMT:_sftbuf.obj
 0003:00001860       __maxwait                  00413860     LIBCMT:crtheap.obj
 0003:00001ca0       __crtheap                  00413ca0     LIBCMT:heapinit.obj
 0003:00001ca8       ___mbulinfo                00413ca8     LIBCMT:mbctype.obj
 0003:00001cb4       ___mbcodepage              00413cb4     LIBCMT:mbctype.obj
 0003:00001cb8       ___ismbcodepage            00413cb8     LIBCMT:mbctype.obj
 0003:00001cbc       ___mblcid                  00413cbc     LIBCMT:mbctype.obj
 0003:00001cd8       __newmode                  00413cd8     LIBCMT:_newmode.obj
 0003:00001cf0       ?pArgList@UnDecorator@@0PAVReplicator@@A 00413cf0     LIBCMT:undname.obj
 0003:00001cf4       ?pZNameList@UnDecorator@@0PAVReplicator@@A 00413cf4     LIBCMT:undname.obj
 0003:00001cf8       ?pTemplateArgList@UnDecorator@@0PAVReplicator@@A 00413cf8     LIBCMT:undname.obj
 0003:00001cfc       ?gName@UnDecorator@@0PBDB  00413cfc     LIBCMT:undname.obj
 0003:00001d00       ?name@UnDecorator@@0PBDB   00413d00     LIBCMT:undname.obj
 0003:00001d04       ?outputString@UnDecorator@@0PADA 00413d04     LIBCMT:undname.obj
 0003:00001d08       ?maxStringLength@UnDecorator@@0HA 00413d08     LIBCMT:undname.obj
 0003:00001d0c       ?disableFlags@UnDecorator@@0KA 00413d0c     LIBCMT:undname.obj
 0003:00001d10       ?m_pGetParameter@UnDecorator@@0P6APADJ@ZA 00413d10     LIBCMT:undname.obj
 0003:00001d14       ?fExplicitTemplateParams@UnDecorator@@0_NA 00413d14     LIBCMT:undname.obj
 0003:00001d15       ?fGetTemplateArgumentList@UnDecorator@@0_NA 00413d15     LIBCMT:undname.obj
 0003:00001d18       ___lconv_static_null       00413d18     LIBCMT:lconv.obj
 0003:00001d1c       ___lconv_static_W_null     00413d1c     LIBCMT:lconv.obj
 0003:00001d20       ___locale_changed          00413d20     LIBCMT:setlocal.obj
 0003:00001d24       __debugger_hook_dummy      00413d24     <common>
 0003:00001d28       __nhandle                  00413d28     <common>
 0003:00001d40       ___pioinfo                 00413d40     <common>
 0003:00001e40       ___sse2_available          00413e40     <common>
 0003:00001e44       __acmdln                   00413e44     <common>
 0003:00001e48       __NoHeapEnableTerminationOnCorruption 00413e48     <common>
 0003:00001e4c       ___piob                    00413e4c     <common>
 0003:00001e60       __bufin                    00413e60     <common>
 0003:00002e60       __nstream                  00414e60     <common>
 0003:00002e64       ___env_initialized         00414e64     <common>
 0003:00002e68       ___onexitend               00414e68     <common>
 0003:00002e6c       ___onexitbegin             00414e6c     <common>
 0003:00002e70       ___mbctype_initialized     00414e70     <common>
 0003:00002e74       __FPinit                   00414e74     <common>
 0003:00002e78       ___dyn_tls_init_callback   00414e78     <common>

 entry point at        0001:000037c1

 Static symbols

 0001:00000d1e       __catch$?reserve@?$vector@PAXV?$allocator@PAX@std@@@std@@QAEXI@Z$0 00401d1e f i mpirun.obj
 0001:000012e3       __catch$?_Copy@?$basic_string@DU?$char_traits@D@std@@V?$allocator@D@2@@std@@QAEXII@Z$0 004022e3 f i mpirun.obj
 0001:0000130d       __catch$?_Copy@?$basic_string@DU?$char_traits@D@std@@V?$allocator@D@2@@std@@QAEXII@Z$1 0040230d f i mpirun.obj
 0001:00001e8b       _doexit                    00402e8b f   LIBCMT:crt0dat.obj
 0001:00002199       _flsall                    00403199 f   LIBCMT:fflush.obj
 0001:000023fb       _vscan_fn                  004033fb f   LIBCMT:sscanf.obj
 0001:0000280f       ?CatchGuardHandler@@YA?AW4_EXCEPTION_DISPOSITION@@PAUEHExceptionRecord@@PAUCatchGuardRN@@PAX2@Z 0040380f f   LIBCMT:_trnsctrl_.obj
 0001:00002919       ?TranslatorGuardHandler@@YA?AW4_EXCEPTION_DISPOSITION@@PAUEHExceptionRecord@@PAUTranslatorGuardRN@@PAX2@Z 00403919 f   LIBCMT:_trnsctrl_.obj
 0001:000034fd       __onexit_nolock            004044fd f   LIBCMT:onexit.obj
 0001:00003637       _fast_error_exit           00404637 f   LIBCMT:crt0.obj
 0001:00003660       ___tmainCRTStartup         00404660 f   LIBCMT:crt0.obj
 0001:00003a2b       _siglookup                 00404a2b f   LIBCMT:winsig.obj
 0001:00005539       _write_char                00406539 f   LIBCMT:output.obj
 0001:0000556c       _write_string              0040656c f   LIBCMT:output.obj
 0001:00006256       ___check_float_string      00407256 f   LIBCMT:input.obj
 0001:000062ad       __hextodec                 004072ad f   LIBCMT:input.obj
 0001:000062cd       __inc                      004072cd f   LIBCMT:input.obj
 0001:000062e3       __whiteout                 004072e3 f   LIBCMT:input.obj
 0001:000079e9       ?ExFilterRethrow@@YAHPAU_EXCEPTION_POINTERS@@@Z 004089e9 f   LIBCMT:frame.obj
 0001:00007aac       ?IsInExceptionSpec@@YAEPAUEHExceptionRecord@@PBU_s_ESTypeList@@@Z 00408aac f   LIBCMT:frame.obj
 0001:00007b27       ?CallUnexpected@@YAXPBU_s_ESTypeList@@@Z 00408b27 f   LIBCMT:frame.obj
 0001:00007b58       __catch$?CallUnexpected@@YAXPBU_s_ESTypeList@@@Z$0 00408b58 f   LIBCMT:frame.obj
 0001:00007b70       ?CallCatchBlock@@YAPAXPAUEHExceptionRecord@@PAUEHRegistrationNode@@PAU_CONTEXT@@PBU_s_FuncInfo@@PAXHK@Z 00408b70 f   LIBCMT:frame.obj
 0001:00007f1d       ?CatchIt@@YAXPAUEHExceptionRecord@@PAUEHRegistrationNode@@PAU_CONTEXT@@PAXPBU_s_FuncInfo@@PBU_s_HandlerType@@PBU_s_CatchableType@@PBU_s_TryBlockMapEntry@@H1E@Z 00408f1d f   LIBCMT:frame.obj
 0001:00007f8b       ?FindHandlerForForeignException@@YAXPAUEHExceptionRecord@@PAUEHRegistrationNode@@PAU_CONTEXT@@PAXPBU_s_FuncInfo@@HH1@Z 00408f8b f   LIBCMT:frame.obj
 0001:00008092       ?FindHandler@@YAXPAUEHExceptionRecord@@PAUEHRegistrationNode@@PAU_CONTEXT@@PAXPBU_s_FuncInfo@@EH1@Z 00409092 f   LIBCMT:frame.obj
 0001:00008c00       _parse_cmdline             00409c00 f   LIBCMT:stdargv.obj
 0001:00009339       ?CPtoLCID@@YAHH@Z          0040a339 f   LIBCMT:mbctype.obj
 0001:00009368       ?setSBCS@@YAXPAUthreadmbcinfostruct@@@Z 0040a368 f   LIBCMT:mbctype.obj
 0001:000093cc       ?setSBUpLow@@YAXPAUthreadmbcinfostruct@@@Z 0040a3cc f   LIBCMT:mbctype.obj
 0001:00009600       ?getSystemCP@@YAHH@Z       0040a600 f   LIBCMT:mbctype.obj
 0001:00009ac0       __unwind_handler4          0040aac0 f   LIBCMT:exsup4.obj
 0001:0000abb0       __unwind_handler           0040bbb0 f   LIBCMT:exsup.obj
 0001:0000acc7       ?x_ismbbtype_l@@YAHPAUlocaleinfo_struct@@IHH@Z 0040bcc7 f   LIBCMT:ismbbyte.obj
 0001:0000b24a       ?__crtLCMapStringA_stat@@YAHPAUlocaleinfo_struct@@KKPBDHPADHHH@Z 0040c24a f   LIBCMT:a_map.obj
 0001:0000b477       ?__crtGetStringTypeA_stat@@YAHPAUlocaleinfo_struct@@KPBDHPAGHHH@Z 0040c477 f   LIBCMT:a_str.obj
 0001:0000bfd0       __unwindfunclet$_main$0    0040cfd0 f   mpirun.obj
 0001:0000bfdb       __unwindfunclet$_main$1    0040cfdb f   mpirun.obj
 0001:0000bfe3       __unwindfunclet$_main$2    0040cfe3 f   mpirun.obj
 0001:0000bfeb       __ehhandler$_main          0040cfeb f   mpirun.obj
 0001:0000c020       __ehhandler$?reserve@?$vector@PAXV?$allocator@PAX@std@@@std@@QAEXI@Z 0040d020 f   mpirun.obj
 0001:0000c040       __ehhandler$?_Copy@?$basic_string@DU?$char_traits@D@std@@V?$allocator@D@2@@std@@QAEXII@Z 0040d040 f   mpirun.obj
 0001:0000c060       __unwindfunclet$??0?$basic_string@DU?$char_traits@D@std@@V?$allocator@D@2@@std@@QAE@PBD@Z$0 0040d060 f   mpirun.obj
 0001:0000c060       __unwindfunclet$??0?$basic_string@DU?$char_traits@D@std@@V?$allocator@D@2@@std@@QAE@$$QAV01@@Z$0 0040d060 f   mpirun.obj
 0001:0000c068       __ehhandler$??0?$basic_string@DU?$char_traits@D@std@@V?$allocator@D@2@@std@@QAE@$$QAV01@@Z 0040d068 f   mpirun.obj
 0001:0000c068       __ehhandler$??0?$basic_string@DU?$char_traits@D@std@@V?$allocator@D@2@@std@@QAE@PBD@Z 0040d068 f   mpirun.obj
 0001:0000c090       __unwindfunclet$??$construct@AAPAX@?$allocator@PAX@std@@QAEXPAPAXAAPAX@Z$0 0040d090 f   mpirun.obj
 0001:0000c0a1       __ehhandler$??$construct@AAPAX@?$allocator@PAX@std@@QAEXPAPAXAAPAX@Z 0040d0a1 f   mpirun.obj
 0001:0000c0c0       __unwindfunclet$??$_Construct@PAXABQAX@std@@YAXPAPAXABQAX@Z$0 0040d0c0 f   mpirun.obj
 0001:0000c0d1       __ehhandler$??$_Construct@PAXABQAX@std@@YAXPAPAXABQAX@Z 0040d0d1 f   mpirun.obj
 0001:0000c0f0       __unwindfunclet$??1?$basic_string@DU?$char_traits@D@std@@V?$allocator@D@2@@std@@QAE@XZ$0 0040d0f0 f   mpirun.obj
 0001:0000c0f0       __unwindfunclet$??1?$vector@PAXV?$allocator@PAX@std@@@std@@QAE@XZ$0 0040d0f0 f   mpirun.obj
 0001:0000c0f8       __ehhandler$??1?$basic_string@DU?$char_traits@D@std@@V?$allocator@D@2@@std@@QAE@XZ 0040d0f8 f   mpirun.obj
 0001:0000c0f8       __ehhandler$??1?$vector@PAXV?$allocator@PAX@std@@@std@@QAE@XZ 0040d0f8 f   mpirun.obj
 0001:0000c113       __ehhandler$?CallUnexpected@@YAXPBU_s_ESTypeList@@@Z 0040d113 f   LIBCMT:frame.obj
 0001:0000c130       ??__Ev@@YAXXZ              0040d130 f   mpirun.obj
 0001:0000c150       ??__Fv@@YAXXZ              0040d150 f   mpirun.obj
 0001:0000c15f       ??__Fnomem@?5???2@YAPAXI@Z@YAXXZ 0040d15f f   LIBCMT:new.obj
